
File: common_func.a(app_sleep.o)
ELF Header:
  Magic:   7f 45 4c 46 01 01 01 00 00 00 00 00 00 00 00 00 
  Class:                             ELF32
  Data:                              2's complement, little endian
  Version:                           1 (current)
  OS/ABI:                            UNIX - System V
  ABI Version:                       0
  Type:                              REL (Relocatable file)
  Machine:                           MIPS R3000
  Version:                           0x1
  Entry point address:               0x0
  Start of program headers:          0 (bytes into file)
  Start of section headers:          6748 (bytes into file)
  Flags:                             0x50001001, noreorder, o32, mips32
  Size of this header:               52 (bytes)
  Size of program headers:           0 (bytes)
  Number of program headers:         0
  Size of section headers:           40 (bytes)
  Number of section headers:         25
  Section header string table index: 22

Section Headers:
  [Nr] Name              Type            Addr     Off    Size   ES Flg Lk Inf Al
  [ 0]                   NULL            00000000 000000 000000 00      0   0  0
  [ 1] .text             PROGBITS        00000000 000034 00004c 00  AX  0   0  4
  [ 2] .rel.text         REL             00000000 002000 000020 08     23   1  4
  [ 3] .data             PROGBITS        00000000 000080 000000 00  WA  0   0  1
  [ 4] .bss              NOBITS          00000000 000080 000000 00  WA  0   0  1
  [ 5] .reginfo          MIPS_REGINFO    00000000 000080 000018 18      0   0  4
  [ 6] .pdr              PROGBITS        00000000 000098 000020 00      0   0  4
  [ 7] .rel.pdr          REL             00000000 002020 000008 08     23   6  4
  [ 8] .mdebug.abi32     PROGBITS        00000000 0000b8 000000 00      0   0  1
  [ 9] .debug_abbrev     MIPS_DWARF      00000000 0000b8 000132 00      0   0  1
  [10] .debug_info       MIPS_DWARF      00000000 0001ea 00086d 00      0   0  1
  [11] .rel.debug_info   REL             00000000 002028 0006e8 08     23  10  4
  [12] .debug_line       MIPS_DWARF      00000000 000a57 0000e5 00      0   0  1
  [13] .rel.debug_line   REL             00000000 002710 000008 08     23  12  4
  [14] .debug_frame      MIPS_DWARF      00000000 000b3c 000030 00      0   0  4
  [15] .rel.debug_frame  REL             00000000 002718 000010 08     23  14  4
  [16] .debug_pubnames   MIPS_DWARF      00000000 000b6c 000024 00      0   0  1
  [17] .rel.debug_pubnam REL             00000000 002728 000008 08     23  16  4
  [18] .debug_aranges    MIPS_DWARF      00000000 000b90 000020 00      0   0  1
  [19] .rel.debug_arange REL             00000000 002730 000010 08     23  18  4
  [20] .debug_str        MIPS_DWARF      00000000 000bb0 000db6 01  MS  0   0  1
  [21] .comment          PROGBITS        00000000 001966 00002b 00      0   0  1
  [22] .shstrtab         STRTAB          00000000 001991 0000ca 00      0   0  1
  [23] .symtab           SYMTAB          00000000 001e44 000160 10     24  17  4
  [24] .strtab           STRTAB          00000000 001fa4 00005a 00      0   0  1
Key to Flags:
  W (write), A (alloc), X (execute), M (merge), S (strings)
  I (info), L (link order), G (group), x (unknown)
  O (extra OS processing required) o (OS specific), p (processor specific)

File: common_func.a(common_ap_switch.o)
ELF Header:
  Magic:   7f 45 4c 46 01 01 01 00 00 00 00 00 00 00 00 00 
  Class:                             ELF32
  Data:                              2's complement, little endian
  Version:                           1 (current)
  OS/ABI:                            UNIX - System V
  ABI Version:                       0
  Type:                              REL (Relocatable file)
  Machine:                           MIPS R3000
  Version:                           0x1
  Entry point address:               0x0
  Start of program headers:          0 (bytes into file)
  Start of section headers:          14012 (bytes into file)
  Flags:                             0x50001001, noreorder, o32, mips32
  Size of this header:               52 (bytes)
  Size of program headers:           0 (bytes)
  Number of program headers:         0
  Size of section headers:           40 (bytes)
  Number of section headers:         27
  Section header string table index: 24

Section Headers:
  [Nr] Name              Type            Addr     Off    Size   ES Flg Lk Inf Al
  [ 0]                   NULL            00000000 000000 000000 00      0   0  0
  [ 1] .text             PROGBITS        00000000 000034 000524 00  AX  0   0  4
  [ 2] .rel.text         REL             00000000 0042b4 0001a8 08     25   1  4
  [ 3] .data             PROGBITS        00000000 000558 000000 00  WA  0   0  1
  [ 4] .bss              NOBITS          00000000 000558 000000 00  WA  0   0  1
  [ 5] .reginfo          MIPS_REGINFO    00000000 000558 000018 18      0   0  4
  [ 6] .pdr              PROGBITS        00000000 000570 000120 00      0   0  4
  [ 7] .rel.pdr          REL             00000000 00445c 000048 08     25   6  4
  [ 8] .mdebug.abi32     PROGBITS        00000000 000690 000000 00      0   0  1
  [ 9] .debug_abbrev     MIPS_DWARF      00000000 000690 0002d5 00      0   0  1
  [10] .debug_info       MIPS_DWARF      00000000 000965 0011d6 00      0   0  1
  [11] .rel.debug_info   REL             00000000 0044a4 000c00 08     25  10  4
  [12] .debug_line       MIPS_DWARF      00000000 001b3b 000307 00      0   0  1
  [13] .rel.debug_line   REL             00000000 0050a4 000008 08     25  12  4
  [14] .rodata           PROGBITS        00000000 001e44 0000d0 00   A  0   0  4
  [15] .debug_frame      MIPS_DWARF      00000000 001f14 00011c 00      0   0  4
  [16] .rel.debug_frame  REL             00000000 0050ac 000090 08     25  15  4
  [17] .debug_pubnames   MIPS_DWARF      00000000 002030 00007e 00      0   0  1
  [18] .rel.debug_pubnam REL             00000000 00513c 000008 08     25  17  4
  [19] .debug_aranges    MIPS_DWARF      00000000 0020ae 000020 00      0   0  1
  [20] .rel.debug_arange REL             00000000 005144 000010 08     25  19  4
  [21] .debug_ranges     MIPS_DWARF      00000000 0020ce 000048 00      0   0  1
  [22] .debug_str        MIPS_DWARF      00000000 002116 001499 01  MS  0   0  1
  [23] .comment          PROGBITS        00000000 0035af 00002b 00      0   0  1
  [24] .shstrtab         STRTAB          00000000 0035da 0000e0 00      0   0  1
  [25] .symtab           SYMTAB          00000000 003af4 0004f0 10     26  63  4
  [26] .strtab           STRTAB          00000000 003fe4 0002d0 00      0   0  1
Key to Flags:
  W (write), A (alloc), X (execute), M (merge), S (strings)
  I (info), L (link order), G (group), x (unknown)
  O (extra OS processing required) o (OS specific), p (processor specific)

File: common_func.a(common_charge.o)
ELF Header:
  Magic:   7f 45 4c 46 01 01 01 00 00 00 00 00 00 00 00 00 
  Class:                             ELF32
  Data:                              2's complement, little endian
  Version:                           1 (current)
  OS/ABI:                            UNIX - System V
  ABI Version:                       0
  Type:                              REL (Relocatable file)
  Machine:                           MIPS R3000
  Version:                           0x1
  Entry point address:               0x0
  Start of program headers:          0 (bytes into file)
  Start of section headers:          10588 (bytes into file)
  Flags:                             0x50001001, noreorder, o32, mips32
  Size of this header:               52 (bytes)
  Size of program headers:           0 (bytes)
  Number of program headers:         0
  Size of section headers:           40 (bytes)
  Number of section headers:         27
  Section header string table index: 24

Section Headers:
  [Nr] Name              Type            Addr     Off    Size   ES Flg Lk Inf Al
  [ 0]                   NULL            00000000 000000 000000 00      0   0  0
  [ 1] .text             PROGBITS        00000000 000034 0000c0 00  AX  0   0  4
  [ 2] .rel.text         REL             00000000 002ff8 000030 08     25   1  4
  [ 3] .data             PROGBITS        00000000 0000f4 000000 00  WA  0   0  1
  [ 4] .bss              NOBITS          00000000 0000f4 000000 00  WA  0   0  1
  [ 5] .reginfo          MIPS_REGINFO    00000000 0000f4 000018 18      0   0  4
  [ 6] .pdr              PROGBITS        00000000 00010c 000060 00      0   0  4
  [ 7] .rel.pdr          REL             00000000 003028 000018 08     25   6  4
  [ 8] .mdebug.abi32     PROGBITS        00000000 00016c 000000 00      0   0  1
  [ 9] .debug_abbrev     MIPS_DWARF      00000000 00016c 00014d 00      0   0  1
  [10] .debug_info       MIPS_DWARF      00000000 0002b9 001115 00      0   0  1
  [11] .rel.debug_info   REL             00000000 003040 000930 08     25  10  4
  [12] .debug_line       MIPS_DWARF      00000000 0013ce 000171 00      0   0  1
  [13] .rel.debug_line   REL             00000000 003970 000010 08     25  12  4
  [14] .bank             PROGBITS        00000000 001540 000098 00  AX  0   0  4
  [15] .rel.bank         REL             00000000 003980 000028 08     25  14  4
  [16] .debug_frame      MIPS_DWARF      00000000 0015d8 000060 00      0   0  4
  [17] .rel.debug_frame  REL             00000000 0039a8 000030 08     25  16  4
  [18] .debug_pubnames   MIPS_DWARF      00000000 001638 000073 00      0   0  1
  [19] .rel.debug_pubnam REL             00000000 0039d8 000008 08     25  18  4
  [20] .debug_aranges    MIPS_DWARF      00000000 0016ab 000030 00      0   0  1
  [21] .rel.debug_arange REL             00000000 0039e0 000020 08     25  20  4
  [22] .debug_str        MIPS_DWARF      00000000 0016db 001180 01  MS  0   0  1
  [23] .comment          PROGBITS        00000000 00285b 00002b 00      0   0  1
  [24] .shstrtab         STRTAB          00000000 002886 0000d4 00      0   0  1
  [25] .symtab           SYMTAB          00000000 002d94 0001b0 10     26  20  4
  [26] .strtab           STRTAB          00000000 002f44 0000b4 00      0   0  1
Key to Flags:
  W (write), A (alloc), X (execute), M (merge), S (strings)
  I (info), L (link order), G (group), x (unknown)
  O (extra OS processing required) o (OS specific), p (processor specific)

File: common_func.a(common_math_exp_fixed.o)
ELF Header:
  Magic:   7f 45 4c 46 01 01 01 00 00 00 00 00 00 00 00 00 
  Class:                             ELF32
  Data:                              2's complement, little endian
  Version:                           1 (current)
  OS/ABI:                            UNIX - System V
  ABI Version:                       0
  Type:                              REL (Relocatable file)
  Machine:                           MIPS R3000
  Version:                           0x1
  Entry point address:               0x0
  Start of program headers:          0 (bytes into file)
  Start of section headers:          3692 (bytes into file)
  Flags:                             0x50001000, o32, mips32
  Size of this header:               52 (bytes)
  Size of program headers:           0 (bytes)
  Number of program headers:         0
  Size of section headers:           40 (bytes)
  Number of section headers:         26
  Section header string table index: 23

Section Headers:
  [Nr] Name              Type            Addr     Off    Size   ES Flg Lk Inf Al
  [ 0]                   NULL            00000000 000000 000000 00      0   0  0
  [ 1] .text             PROGBITS        00000000 000038 000120 00  AX  0   0  8
  [ 2] .rel.text         REL             00000000 001400 000008 08     24   1  4
  [ 3] .data             PROGBITS        00000000 000158 000000 00  WA  0   0  1
  [ 4] .bss              NOBITS          00000000 000158 000000 00  WA  0   0  1
  [ 5] .reginfo          MIPS_REGINFO    00000000 000158 000018 18      0   0  4
  [ 6] .pdr              PROGBITS        00000000 000170 000020 00      0   0  4
  [ 7] .rel.pdr          REL             00000000 001408 000008 08     24   6  4
  [ 8] .mdebug.abi32     PROGBITS        00000000 000190 000000 00      0   0  1
  [ 9] .debug_abbrev     MIPS_DWARF      00000000 000190 000110 00      0   0  1
  [10] .debug_info       MIPS_DWARF      00000000 0002a0 00048c 00      0   0  1
  [11] .rel.debug_info   REL             00000000 001410 0002a0 08     24  10  4
  [12] .debug_line       MIPS_DWARF      00000000 00072c 0000fb 00      0   0  1
  [13] .rel.debug_line   REL             00000000 0016b0 000008 08     24  12  4
  [14] .rodata           PROGBITS        00000000 000828 000018 00   A  0   0  4
  [15] .debug_frame      MIPS_DWARF      00000000 000840 000030 00      0   0  4
  [16] .rel.debug_frame  REL             00000000 0016b8 000010 08     24  15  4
  [17] .debug_pubnames   MIPS_DWARF      00000000 000870 00003e 00      0   0  1
  [18] .rel.debug_pubnam REL             00000000 0016c8 000008 08     24  17  4
  [19] .debug_aranges    MIPS_DWARF      00000000 0008ae 000020 00      0   0  1
  [20] .rel.debug_arange REL             00000000 0016d0 000010 08     24  19  4
  [21] .debug_str        MIPS_DWARF      00000000 0008ce 0004a1 01  MS  0   0  1
  [22] .comment          PROGBITS        00000000 000d6f 00002b 00      0   0  1
  [23] .shstrtab         STRTAB          00000000 000d9a 0000d2 00      0   0  1
  [24] .symtab           SYMTAB          00000000 00127c 000140 10     25  18  4
  [25] .strtab           STRTAB          00000000 0013bc 000044 00      0   0  1
Key to Flags:
  W (write), A (alloc), X (execute), M (merge), S (strings)
  I (info), L (link order), G (group), x (unknown)
  O (extra OS processing required) o (OS specific), p (processor specific)

File: common_func.a(common_setdae.o)
ELF Header:
  Magic:   7f 45 4c 46 01 01 01 00 00 00 00 00 00 00 00 00 
  Class:                             ELF32
  Data:                              2's complement, little endian
  Version:                           1 (current)
  OS/ABI:                            UNIX - System V
  ABI Version:                       0
  Type:                              REL (Relocatable file)
  Machine:                           MIPS R3000
  Version:                           0x1
  Entry point address:               0x0
  Start of program headers:          0 (bytes into file)
  Start of section headers:          17632 (bytes into file)
  Flags:                             0x50001001, noreorder, o32, mips32
  Size of this header:               52 (bytes)
  Size of program headers:           0 (bytes)
  Number of program headers:         0
  Size of section headers:           40 (bytes)
  Number of section headers:         33
  Section header string table index: 30

Section Headers:
  [Nr] Name              Type            Addr     Off    Size   ES Flg Lk Inf Al
  [ 0]                   NULL            00000000 000000 000000 00      0   0  0
  [ 1] .text             PROGBITS        00000000 000034 0005e8 00  AX  0   0  4
  [ 2] .rel.text         REL             00000000 0052a4 0000c0 08     31   1  4
  [ 3] .data             PROGBITS        00000000 00061c 000000 00  WA  0   0  1
  [ 4] .bss              NOBITS          00000000 00061c 000000 00  WA  0   0  1
  [ 5] .reginfo          MIPS_REGINFO    00000000 00061c 000018 18      0   0  4
  [ 6] .pdr              PROGBITS        00000000 000634 000180 00      0   0  4
  [ 7] .rel.pdr          REL             00000000 005364 000060 08     31   6  4
  [ 8] .mdebug.abi32     PROGBITS        00000000 0007b4 000000 00      0   0  1
  [ 9] .debug_abbrev     MIPS_DWARF      00000000 0007b4 000285 00      0   0  1
  [10] .debug_info       MIPS_DWARF      00000000 000a39 00192d 00      0   0  1
  [11] .rel.debug_info   REL             00000000 0053c4 000e20 08     31  10  4
  [12] .debug_line       MIPS_DWARF      00000000 002366 000363 00      0   0  1
  [13] .rel.debug_line   REL             00000000 0061e4 000020 08     31  12  4
  [14] .BANK47           PROGBITS        00000000 0026cc 00023c 00  AX  0   0  4
  [15] .rel.BANK47       REL             00000000 006204 000028 08     31  14  4
  [16] .rcode            PROGBITS        00000000 002908 000070 00  AX  0   0  4
  [17] .rel.rcode        REL             00000000 00622c 000018 08     31  16  4
  [18] .bank             PROGBITS        00000000 002978 000118 00  AX  0   0  4
  [19] .rel.bank         REL             00000000 006244 000048 08     31  18  4
  [20] .debug_frame      MIPS_DWARF      00000000 002a90 000178 00      0   0  4
  [21] .rel.debug_frame  REL             00000000 00628c 0000c0 08     31  20  4
  [22] .debug_pubnames   MIPS_DWARF      00000000 002c08 00011e 00      0   0  1
  [23] .rel.debug_pubnam REL             00000000 00634c 000008 08     31  22  4
  [24] .debug_aranges    MIPS_DWARF      00000000 002d26 000058 00      0   0  1
  [25] .rel.debug_arange REL             00000000 006354 000048 08     31  24  4
  [26] .debug_ranges     MIPS_DWARF      00000000 002d7e 000030 00      0   0  1
  [27] .rel.debug_ranges REL             00000000 00639c 000040 08     31  26  4
  [28] .debug_str        MIPS_DWARF      00000000 002dae 001608 01  MS  0   0  1
  [29] .comment          PROGBITS        00000000 0043b6 00002b 00      0   0  1
  [30] .shstrtab         STRTAB          00000000 0043e1 0000fd 00      0   0  1
  [31] .symtab           SYMTAB          00000000 004a08 000580 10     32  64  4
  [32] .strtab           STRTAB          00000000 004f88 00031b 00      0   0  1
Key to Flags:
  W (write), A (alloc), X (execute), M (merge), S (strings)
  I (info), L (link order), G (group), x (unknown)
  O (extra OS processing required) o (OS specific), p (processor specific)

File: common_func.a(common_setdae_init.o)
ELF Header:
  Magic:   7f 45 4c 46 01 01 01 00 00 00 00 00 00 00 00 00 
  Class:                             ELF32
  Data:                              2's complement, little endian
  Version:                           1 (current)
  OS/ABI:                            UNIX - System V
  ABI Version:                       0
  Type:                              REL (Relocatable file)
  Machine:                           MIPS R3000
  Version:                           0x1
  Entry point address:               0x0
  Start of program headers:          0 (bytes into file)
  Start of section headers:          14968 (bytes into file)
  Flags:                             0x50001001, noreorder, o32, mips32
  Size of this header:               52 (bytes)
  Size of program headers:           0 (bytes)
  Number of program headers:         0
  Size of section headers:           40 (bytes)
  Number of section headers:         29
  Section header string table index: 26

Section Headers:
  [Nr] Name              Type            Addr     Off    Size   ES Flg Lk Inf Al
  [ 0]                   NULL            00000000 000000 000000 00      0   0  0
  [ 1] .text             PROGBITS        00000000 000034 000638 00  AX  0   0  4
  [ 2] .rel.text         REL             00000000 00454c 000078 08     27   1  4
  [ 3] .data             PROGBITS        00000000 00066c 000000 00  WA  0   0  1
  [ 4] .bss              NOBITS          00000000 00066c 000000 00  WA  0   0  1
  [ 5] .reginfo          MIPS_REGINFO    00000000 00066c 000018 18      0   0  4
  [ 6] .pdr              PROGBITS        00000000 000684 0000c0 00      0   0  4
  [ 7] .rel.pdr          REL             00000000 0045c4 000030 08     27   6  4
  [ 8] .mdebug.abi32     PROGBITS        00000000 000744 000000 00      0   0  1
  [ 9] .debug_abbrev     MIPS_DWARF      00000000 000744 0001d3 00      0   0  1
  [10] .debug_info       MIPS_DWARF      00000000 000917 001604 00      0   0  1
  [11] .rel.debug_info   REL             00000000 0045f4 000c18 08     27  10  4
  [12] .debug_line       MIPS_DWARF      00000000 001f1b 00026d 00      0   0  1
  [13] .rel.debug_line   REL             00000000 00520c 000010 08     27  12  4
  [14] .text.bank        PROGBITS        00000000 002188 000168 00  AX  0   0  4
  [15] .rel.text.bank    REL             00000000 00521c 000038 08     27  14  4
  [16] .debug_frame      MIPS_DWARF      00000000 0022f0 0000e8 00      0   0  4
  [17] .rel.debug_frame  REL             00000000 005254 000060 08     27  16  4
  [18] .debug_pubnames   MIPS_DWARF      00000000 0023d8 0000af 00      0   0  1
  [19] .rel.debug_pubnam REL             00000000 0052b4 000008 08     27  18  4
  [20] .debug_aranges    MIPS_DWARF      00000000 002487 000030 00      0   0  1
  [21] .rel.debug_arange REL             00000000 0052bc 000020 08     27  20  4
  [22] .debug_ranges     MIPS_DWARF      00000000 0024b7 000070 00      0   0  1
  [23] .rel.debug_ranges REL             00000000 0052dc 0000a0 08     27  22  4
  [24] .debug_str        MIPS_DWARF      00000000 002527 001438 01  MS  0   0  1
  [25] .comment          PROGBITS        00000000 00395f 00002b 00      0   0  1
  [26] .shstrtab         STRTAB          00000000 00398a 0000eb 00      0   0  1
  [27] .symtab           SYMTAB          00000000 003f00 000430 10     28  52  4
  [28] .strtab           STRTAB          00000000 004330 00021a 00      0   0  1
Key to Flags:
  W (write), A (alloc), X (execute), M (merge), S (strings)
  I (info), L (link order), G (group), x (unknown)
  O (extra OS processing required) o (OS specific), p (processor specific)

File: common_func.a(common_seteq.o)
ELF Header:
  Magic:   7f 45 4c 46 01 01 01 00 00 00 00 00 00 00 00 00 
  Class:                             ELF32
  Data:                              2's complement, little endian
  Version:                           1 (current)
  OS/ABI:                            UNIX - System V
  ABI Version:                       0
  Type:                              REL (Relocatable file)
  Machine:                           MIPS R3000
  Version:                           0x1
  Entry point address:               0x0
  Start of program headers:          0 (bytes into file)
  Start of section headers:          23820 (bytes into file)
  Flags:                             0x50001001, noreorder, o32, mips32
  Size of this header:               52 (bytes)
  Size of program headers:           0 (bytes)
  Number of program headers:         0
  Size of section headers:           40 (bytes)
  Number of section headers:         25
  Section header string table index: 22

Section Headers:
  [Nr] Name              Type            Addr     Off    Size   ES Flg Lk Inf Al
  [ 0]                   NULL            00000000 000000 000000 00      0   0  0
  [ 1] .text             PROGBITS        00000000 000034 0000f0 00  AX  0   0  4
  [ 2] .rel.text         REL             00000000 0063c8 000038 08     23   1  4
  [ 3] .data             PROGBITS        00000000 000124 000000 00  WA  0   0  1
  [ 4] .bss              NOBITS          00000000 000124 000000 00  WA  0   0  1
  [ 5] .reginfo          MIPS_REGINFO    00000000 000124 000018 18      0   0  4
  [ 6] .pdr              PROGBITS        00000000 00013c 0000c0 00      0   0  4
  [ 7] .rel.pdr          REL             00000000 006400 000030 08     23   6  4
  [ 8] .mdebug.abi32     PROGBITS        00000000 0001fc 000000 00      0   0  1
  [ 9] .debug_abbrev     MIPS_DWARF      00000000 0001fc 0001e7 00      0   0  1
  [10] .debug_info       MIPS_DWARF      00000000 0003e3 001e11 00      0   0  1
  [11] .rel.debug_info   REL             00000000 006430 0016f8 08     23  10  4
  [12] .debug_line       MIPS_DWARF      00000000 0021f4 000183 00      0   0  1
  [13] .rel.debug_line   REL             00000000 007b28 000008 08     23  12  4
  [14] .debug_frame      MIPS_DWARF      00000000 002378 00009c 00      0   0  4
  [15] .rel.debug_frame  REL             00000000 007b30 000060 08     23  14  4
  [16] .debug_pubnames   MIPS_DWARF      00000000 002414 000081 00      0   0  1
  [17] .rel.debug_pubnam REL             00000000 007b90 000008 08     23  16  4
  [18] .debug_aranges    MIPS_DWARF      00000000 002495 000020 00      0   0  1
  [19] .rel.debug_arange REL             00000000 007b98 000010 08     23  18  4
  [20] .debug_str        MIPS_DWARF      00000000 0024b5 003760 01  MS  0   0  1
  [21] .comment          PROGBITS        00000000 005c15 00002b 00      0   0  1
  [22] .shstrtab         STRTAB          00000000 005c40 0000ca 00      0   0  1
  [23] .symtab           SYMTAB          00000000 0060f4 000200 10     24  22  4
  [24] .strtab           STRTAB          00000000 0062f4 0000d4 00      0   0  1
Key to Flags:
  W (write), A (alloc), X (execute), M (merge), S (strings)
  I (info), L (link order), G (group), x (unknown)
  O (extra OS processing required) o (OS specific), p (processor specific)

File: common_func.a(common_setvolume.o)
ELF Header:
  Magic:   7f 45 4c 46 01 01 01 00 00 00 00 00 00 00 00 00 
  Class:                             ELF32
  Data:                              2's complement, little endian
  Version:                           1 (current)
  OS/ABI:                            UNIX - System V
  ABI Version:                       0
  Type:                              REL (Relocatable file)
  Machine:                           MIPS R3000
  Version:                           0x1
  Entry point address:               0x0
  Start of program headers:          0 (bytes into file)
  Start of section headers:          23344 (bytes into file)
  Flags:                             0x50001001, noreorder, o32, mips32
  Size of this header:               52 (bytes)
  Size of program headers:           0 (bytes)
  Number of program headers:         0
  Size of section headers:           40 (bytes)
  Number of section headers:         25
  Section header string table index: 22

Section Headers:
  [Nr] Name              Type            Addr     Off    Size   ES Flg Lk Inf Al
  [ 0]                   NULL            00000000 000000 000000 00      0   0  0
  [ 1] .text             PROGBITS        00000000 000034 0000d4 00  AX  0   0  4
  [ 2] .rel.text         REL             00000000 0061c8 000040 08     23   1  4
  [ 3] .data             PROGBITS        00000000 000108 000000 00  WA  0   0  1
  [ 4] .bss              NOBITS          00000000 000108 000000 00  WA  0   0  1
  [ 5] .reginfo          MIPS_REGINFO    00000000 000108 000018 18      0   0  4
  [ 6] .pdr              PROGBITS        00000000 000120 0000a0 00      0   0  4
  [ 7] .rel.pdr          REL             00000000 006208 000028 08     23   6  4
  [ 8] .mdebug.abi32     PROGBITS        00000000 0001c0 000000 00      0   0  1
  [ 9] .debug_abbrev     MIPS_DWARF      00000000 0001c0 0001c5 00      0   0  1
  [10] .debug_info       MIPS_DWARF      00000000 000385 001d54 00      0   0  1
  [11] .rel.debug_info   REL             00000000 006230 001670 08     23  10  4
  [12] .debug_line       MIPS_DWARF      00000000 0020d9 00015d 00      0   0  1
  [13] .rel.debug_line   REL             00000000 0078a0 000008 08     23  12  4
  [14] .debug_frame      MIPS_DWARF      00000000 002238 00007c 00      0   0  4
  [15] .rel.debug_frame  REL             00000000 0078a8 000050 08     23  14  4
  [16] .debug_pubnames   MIPS_DWARF      00000000 0022b4 00007e 00      0   0  1
  [17] .rel.debug_pubnam REL             00000000 0078f8 000008 08     23  16  4
  [18] .debug_aranges    MIPS_DWARF      00000000 002332 000020 00      0   0  1
  [19] .rel.debug_arange REL             00000000 007900 000010 08     23  18  4
  [20] .debug_str        MIPS_DWARF      00000000 002352 0036e6 01  MS  0   0  1
  [21] .comment          PROGBITS        00000000 005a38 00002b 00      0   0  1
  [22] .shstrtab         STRTAB          00000000 005a63 0000ca 00      0   0  1
  [23] .symtab           SYMTAB          00000000 005f18 0001e0 10     24  21  4
  [24] .strtab           STRTAB          00000000 0060f8 0000cf 00      0   0  1
Key to Flags:
  W (write), A (alloc), X (execute), M (merge), S (strings)
  I (info), L (link order), G (group), x (unknown)
  O (extra OS processing required) o (OS specific), p (processor specific)

File: common_func.a(common_share_data.o)
ELF Header:
  Magic:   7f 45 4c 46 01 01 01 00 00 00 00 00 00 00 00 00 
  Class:                             ELF32
  Data:                              2's complement, little endian
  Version:                           1 (current)
  OS/ABI:                            UNIX - System V
  ABI Version:                       0
  Type:                              REL (Relocatable file)
  Machine:                           MIPS R3000
  Version:                           0x1
  Entry point address:               0x0
  Start of program headers:          0 (bytes into file)
  Start of section headers:          4256 (bytes into file)
  Flags:                             0x50001001, noreorder, o32, mips32
  Size of this header:               52 (bytes)
  Size of program headers:           0 (bytes)
  Number of program headers:         0
  Size of section headers:           40 (bytes)
  Number of section headers:         26
  Section header string table index: 23

Section Headers:
  [Nr] Name              Type            Addr     Off    Size   ES Flg Lk Inf Al
  [ 0]                   NULL            00000000 000000 000000 00      0   0  0
  [ 1] .text             PROGBITS        00000000 000034 0000b8 00  AX  0   0  4
  [ 2] .rel.text         REL             00000000 001750 000048 08     24   1  4
  [ 3] .data             PROGBITS        00000000 0000ec 000000 00  WA  0   0  1
  [ 4] .bss              NOBITS          00000000 0000ec 000000 00  WA  0   0  1
  [ 5] .reginfo          MIPS_REGINFO    00000000 0000ec 000018 18      0   0  4
  [ 6] .pdr              PROGBITS        00000000 000104 000020 00      0   0  4
  [ 7] .rel.pdr          REL             00000000 001798 000008 08     24   6  4
  [ 8] .mdebug.abi32     PROGBITS        00000000 000124 000000 00      0   0  1
  [ 9] .debug_abbrev     MIPS_DWARF      00000000 000124 000101 00      0   0  1
  [10] .debug_info       MIPS_DWARF      00000000 000225 000587 00      0   0  1
  [11] .rel.debug_info   REL             00000000 0017a0 000318 08     24  10  4
  [12] .debug_line       MIPS_DWARF      00000000 0007ac 0000e1 00      0   0  1
  [13] .rel.debug_line   REL             00000000 001ab8 000008 08     24  12  4
  [14] .rodata           PROGBITS        00000000 000890 00009c 00   A  0   0  4
  [15] .debug_frame      MIPS_DWARF      00000000 00092c 000034 00      0   0  4
  [16] .rel.debug_frame  REL             00000000 001ac0 000010 08     24  15  4
  [17] .debug_pubnames   MIPS_DWARF      00000000 000960 0000e9 00      0   0  1
  [18] .rel.debug_pubnam REL             00000000 001ad0 000008 08     24  17  4
  [19] .debug_aranges    MIPS_DWARF      00000000 000a49 000020 00      0   0  1
  [20] .rel.debug_arange REL             00000000 001ad8 000010 08     24  19  4
  [21] .debug_str        MIPS_DWARF      00000000 000a69 000539 01  MS  0   0  1
  [22] .comment          PROGBITS        00000000 000fa2 00002b 00      0   0  1
  [23] .shstrtab         STRTAB          00000000 000fcd 0000d2 00      0   0  1
  [24] .symtab           SYMTAB          00000000 0014b0 0001c0 10     25  18  4
  [25] .strtab           STRTAB          00000000 001670 0000dd 00      0   0  1
Key to Flags:
  W (write), A (alloc), X (execute), M (merge), S (strings)
  I (info), L (link order), G (group), x (unknown)
  O (extra OS processing required) o (OS specific), p (processor specific)

File: common_func.a(common_standby.o)
ELF Header:
  Magic:   7f 45 4c 46 01 01 01 00 00 00 00 00 00 00 00 00 
  Class:                             ELF32
  Data:                              2's complement, little endian
  Version:                           1 (current)
  OS/ABI:                            UNIX - System V
  ABI Version:                       0
  Type:                              REL (Relocatable file)
  Machine:                           MIPS R3000
  Version:                           0x1
  Entry point address:               0x0
  Start of program headers:          0 (bytes into file)
  Start of section headers:          10460 (bytes into file)
  Flags:                             0x50001001, noreorder, o32, mips32
  Size of this header:               52 (bytes)
  Size of program headers:           0 (bytes)
  Number of program headers:         0
  Size of section headers:           40 (bytes)
  Number of section headers:         25
  Section header string table index: 22

Section Headers:
  [Nr] Name              Type            Addr     Off    Size   ES Flg Lk Inf Al
  [ 0]                   NULL            00000000 000000 000000 00      0   0  0
  [ 1] .text             PROGBITS        00000000 000034 000364 00  AX  0   0  4
  [ 2] .rel.text         REL             00000000 003394 0000e0 08     23   1  4
  [ 3] .data             PROGBITS        00000000 000398 000000 00  WA  0   0  1
  [ 4] .bss              NOBITS          00000000 000398 000000 00  WA  0   0  1
  [ 5] .reginfo          MIPS_REGINFO    00000000 000398 000018 18      0   0  4
  [ 6] .pdr              PROGBITS        00000000 0003b0 000080 00      0   0  4
  [ 7] .rel.pdr          REL             00000000 003474 000020 08     23   6  4
  [ 8] .mdebug.abi32     PROGBITS        00000000 000430 000000 00      0   0  1
  [ 9] .debug_abbrev     MIPS_DWARF      00000000 000430 000288 00      0   0  1
  [10] .debug_info       MIPS_DWARF      00000000 0006b8 000da4 00      0   0  1
  [11] .rel.debug_info   REL             00000000 003494 000948 08     23  10  4
  [12] .debug_line       MIPS_DWARF      00000000 00145c 0001f6 00      0   0  1
  [13] .rel.debug_line   REL             00000000 003ddc 000008 08     23  12  4
  [14] .debug_frame      MIPS_DWARF      00000000 001654 000064 00      0   0  4
  [15] .rel.debug_frame  REL             00000000 003de4 000040 08     23  14  4
  [16] .debug_pubnames   MIPS_DWARF      00000000 0016b8 00003b 00      0   0  1
  [17] .rel.debug_pubnam REL             00000000 003e24 000008 08     23  16  4
  [18] .debug_aranges    MIPS_DWARF      00000000 0016f3 000020 00      0   0  1
  [19] .rel.debug_arange REL             00000000 003e2c 000010 08     23  18  4
  [20] .debug_str        MIPS_DWARF      00000000 001713 0010d4 01  MS  0   0  1
  [21] .comment          PROGBITS        00000000 0027e7 00002b 00      0   0  1
  [22] .shstrtab         STRTAB          00000000 002812 0000ca 00      0   0  1
  [23] .symtab           SYMTAB          00000000 002cc4 000440 10     24  44  4
  [24] .strtab           STRTAB          00000000 003104 00028f 00      0   0  1
Key to Flags:
  W (write), A (alloc), X (execute), M (merge), S (strings)
  I (info), L (link order), G (group), x (unknown)
  O (extra OS processing required) o (OS specific), p (processor specific)

File: common_func.a(common_stub_switch.o)
ELF Header:
  Magic:   7f 45 4c 46 01 01 01 00 00 00 00 00 00 00 00 00 
  Class:                             ELF32
  Data:                              2's complement, little endian
  Version:                           1 (current)
  OS/ABI:                            UNIX - System V
  ABI Version:                       0
  Type:                              REL (Relocatable file)
  Machine:                           MIPS R3000
  Version:                           0x1
  Entry point address:               0x0
  Start of program headers:          0 (bytes into file)
  Start of section headers:          10308 (bytes into file)
  Flags:                             0x50001001, noreorder, o32, mips32
  Size of this header:               52 (bytes)
  Size of program headers:           0 (bytes)
  Number of program headers:         0
  Size of section headers:           40 (bytes)
  Number of section headers:         26
  Section header string table index: 23

Section Headers:
  [Nr] Name              Type            Addr     Off    Size   ES Flg Lk Inf Al
  [ 0]                   NULL            00000000 000000 000000 00      0   0  0
  [ 1] .text             PROGBITS        00000000 000034 00030c 00  AX  0   0  4
  [ 2] .rel.text         REL             00000000 002f94 000078 08     24   1  4
  [ 3] .data             PROGBITS        00000000 000340 000000 00  WA  0   0  1
  [ 4] .bss              NOBITS          00000000 000340 000000 00  WA  0   0  1
  [ 5] .reginfo          MIPS_REGINFO    00000000 000340 000018 18      0   0  4
  [ 6] .pdr              PROGBITS        00000000 000358 000060 00      0   0  4
  [ 7] .rel.pdr          REL             00000000 00300c 000018 08     24   6  4
  [ 8] .mdebug.abi32     PROGBITS        00000000 0003b8 000000 00      0   0  1
  [ 9] .debug_abbrev     MIPS_DWARF      00000000 0003b8 000204 00      0   0  1
  [10] .debug_info       MIPS_DWARF      00000000 0005bc 000db6 00      0   0  1
  [11] .rel.debug_info   REL             00000000 003024 0008a8 08     24  10  4
  [12] .debug_line       MIPS_DWARF      00000000 001372 0001e9 00      0   0  1
  [13] .rel.debug_line   REL             00000000 0038cc 000008 08     24  12  4
  [14] .xdata            PROGBITS        00000000 00155c 000200 00  WA  0   0  4
  [15] .debug_frame      MIPS_DWARF      00000000 00175c 000078 00      0   0  4
  [16] .rel.debug_frame  REL             00000000 0038d4 000030 08     24  15  4
  [17] .debug_pubnames   MIPS_DWARF      00000000 0017d4 000057 00      0   0  1
  [18] .rel.debug_pubnam REL             00000000 003904 000008 08     24  17  4
  [19] .debug_aranges    MIPS_DWARF      00000000 00182b 000020 00      0   0  1
  [20] .rel.debug_arange REL             00000000 00390c 000010 08     24  19  4
  [21] .debug_str        MIPS_DWARF      00000000 00184b 000efb 01  MS  0   0  1
  [22] .comment          PROGBITS        00000000 002746 00002b 00      0   0  1
  [23] .shstrtab         STRTAB          00000000 002771 0000d1 00      0   0  1
  [24] .symtab           SYMTAB          00000000 002c54 000240 10     25  26  4
  [25] .strtab           STRTAB          00000000 002e94 0000fe 00      0   0  1
Key to Flags:
  W (write), A (alloc), X (execute), M (merge), S (strings)
  I (info), L (link order), G (group), x (unknown)
  O (extra OS processing required) o (OS specific), p (processor specific)

File: common_func.a(setting_comval.o)
ELF Header:
  Magic:   7f 45 4c 46 01 01 01 00 00 00 00 00 00 00 00 00 
  Class:                             ELF32
  Data:                              2's complement, little endian
  Version:                           1 (current)
  OS/ABI:                            UNIX - System V
  ABI Version:                       0
  Type:                              REL (Relocatable file)
  Machine:                           MIPS R3000
  Version:                           0x1
  Entry point address:               0x0
  Start of program headers:          0 (bytes into file)
  Start of section headers:          9856 (bytes into file)
  Flags:                             0x50001001, noreorder, o32, mips32
  Size of this header:               52 (bytes)
  Size of program headers:           0 (bytes)
  Number of program headers:         0
  Size of section headers:           40 (bytes)
  Number of section headers:         25
  Section header string table index: 22

Section Headers:
  [Nr] Name              Type            Addr     Off    Size   ES Flg Lk Inf Al
  [ 0]                   NULL            00000000 000000 000000 00      0   0  0
  [ 1] .text             PROGBITS        00000000 000034 000208 00  AX  0   0  4
  [ 2] .rel.text         REL             00000000 002ca0 000028 08     23   1  4
  [ 3] .data             PROGBITS        00000000 00023c 000000 00  WA  0   0  1
  [ 4] .bss              NOBITS          00000000 00023c 000000 00  WA  0   0  1
  [ 5] .reginfo          MIPS_REGINFO    00000000 00023c 000018 18      0   0  4
  [ 6] .pdr              PROGBITS        00000000 000254 000040 00      0   0  4
  [ 7] .rel.pdr          REL             00000000 002cc8 000010 08     23   6  4
  [ 8] .mdebug.abi32     PROGBITS        00000000 000294 000000 00      0   0  1
  [ 9] .debug_abbrev     MIPS_DWARF      00000000 000294 000126 00      0   0  1
  [10] .debug_info       MIPS_DWARF      00000000 0003ba 000f9a 00      0   0  1
  [11] .rel.debug_info   REL             00000000 002cd8 000878 08     23  10  4
  [12] .debug_line       MIPS_DWARF      00000000 001354 00013c 00      0   0  1
  [13] .rel.debug_line   REL             00000000 003550 000008 08     23  12  4
  [14] .debug_frame      MIPS_DWARF      00000000 001490 000044 00      0   0  4
  [15] .rel.debug_frame  REL             00000000 003558 000020 08     23  14  4
  [16] .debug_pubnames   MIPS_DWARF      00000000 0014d4 00004b 00      0   0  1
  [17] .rel.debug_pubnam REL             00000000 003578 000008 08     23  16  4
  [18] .debug_aranges    MIPS_DWARF      00000000 00151f 000020 00      0   0  1
  [19] .rel.debug_arange REL             00000000 003580 000010 08     23  18  4
  [20] .debug_str        MIPS_DWARF      00000000 00153f 001049 01  MS  0   0  1
  [21] .comment          PROGBITS        00000000 002588 00002b 00      0   0  1
  [22] .shstrtab         STRTAB          00000000 0025b3 0000ca 00      0   0  1
  [23] .symtab           SYMTAB          00000000 002a68 000190 10     24  18  4
  [24] .strtab           STRTAB          00000000 002bf8 0000a5 00      0   0  1
Key to Flags:
  W (write), A (alloc), X (execute), M (merge), S (strings)
  I (info), L (link order), G (group), x (unknown)
  O (extra OS processing required) o (OS specific), p (processor specific)

File: common_func.a(sys_counter.o)
ELF Header:
  Magic:   7f 45 4c 46 01 01 01 00 00 00 00 00 00 00 00 00 
  Class:                             ELF32
  Data:                              2's complement, little endian
  Version:                           1 (current)
  OS/ABI:                            UNIX - System V
  ABI Version:                       0
  Type:                              REL (Relocatable file)
  Machine:                           MIPS R3000
  Version:                           0x1
  Entry point address:               0x0
  Start of program headers:          0 (bytes into file)
  Start of section headers:          15392 (bytes into file)
  Flags:                             0x50001001, noreorder, o32, mips32
  Size of this header:               52 (bytes)
  Size of program headers:           0 (bytes)
  Number of program headers:         0
  Size of section headers:           40 (bytes)
  Number of section headers:         27
  Section header string table index: 24

Section Headers:
  [Nr] Name              Type            Addr     Off    Size   ES Flg Lk Inf Al
  [ 0]                   NULL            00000000 000000 000000 00      0   0  0
  [ 1] .text             PROGBITS        00000000 000034 000210 00  AX  0   0  4
  [ 2] .rel.text         REL             00000000 004524 000088 08     25   1  4
  [ 3] .data             PROGBITS        00000000 000244 000000 00  WA  0   0  1
  [ 4] .bss              NOBITS          00000000 000244 000000 00  WA  0   0  1
  [ 5] .reginfo          MIPS_REGINFO    00000000 000244 000018 18      0   0  4
  [ 6] .pdr              PROGBITS        00000000 00025c 000080 00      0   0  4
  [ 7] .rel.pdr          REL             00000000 0045ac 000020 08     25   6  4
  [ 8] .mdebug.abi32     PROGBITS        00000000 0002dc 000000 00      0   0  1
  [ 9] .debug_abbrev     MIPS_DWARF      00000000 0002dc 000210 00      0   0  1
  [10] .debug_info       MIPS_DWARF      00000000 0004ec 0018c0 00      0   0  1
  [11] .rel.debug_info   REL             00000000 0045cc 000df0 08     25  10  4
  [12] .debug_line       MIPS_DWARF      00000000 001dac 000208 00      0   0  1
  [13] .rel.debug_line   REL             00000000 0053bc 000010 08     25  12  4
  [14] .bank             PROGBITS        00000000 001fb4 000064 00  AX  0   0  4
  [15] .rel.bank         REL             00000000 0053cc 000028 08     25  14  4
  [16] .debug_frame      MIPS_DWARF      00000000 002018 000074 00      0   0  4
  [17] .rel.debug_frame  REL             00000000 0053f4 000040 08     25  16  4
  [18] .debug_pubnames   MIPS_DWARF      00000000 00208c 000075 00      0   0  1
  [19] .rel.debug_pubnam REL             00000000 005434 000008 08     25  18  4
  [20] .debug_aranges    MIPS_DWARF      00000000 002101 000030 00      0   0  1
  [21] .rel.debug_arange REL             00000000 00543c 000020 08     25  20  4
  [22] .debug_str        MIPS_DWARF      00000000 002131 0019f0 01  MS  0   0  1
  [23] .comment          PROGBITS        00000000 003b21 00002b 00      0   0  1
  [24] .shstrtab         STRTAB          00000000 003b4c 0000d4 00      0   0  1
  [25] .symtab           SYMTAB          00000000 004058 000320 10     26  33  4
  [26] .strtab           STRTAB          00000000 004378 0001ab 00      0   0  1
Key to Flags:
  W (write), A (alloc), X (execute), M (merge), S (strings)
  I (info), L (link order), G (group), x (unknown)
  O (extra OS processing required) o (OS specific), p (processor specific)

File: common_func.a(sys_timer.o)
ELF Header:
  Magic:   7f 45 4c 46 01 01 01 00 00 00 00 00 00 00 00 00 
  Class:                             ELF32
  Data:                              2's complement, little endian
  Version:                           1 (current)
  OS/ABI:                            UNIX - System V
  ABI Version:                       0
  Type:                              REL (Relocatable file)
  Machine:                           MIPS R3000
  Version:                           0x1
  Entry point address:               0x0
  Start of program headers:          0 (bytes into file)
  Start of section headers:          3388 (bytes into file)
  Flags:                             0x50001001, noreorder, o32, mips32
  Size of this header:               52 (bytes)
  Size of program headers:           0 (bytes)
  Number of program headers:         0
  Size of section headers:           40 (bytes)
  Number of section headers:         25
  Section header string table index: 22

Section Headers:
  [Nr] Name              Type            Addr     Off    Size   ES Flg Lk Inf Al
  [ 0]                   NULL            00000000 000000 000000 00      0   0  0
  [ 1] .text             PROGBITS        00000000 000034 000068 00  AX  0   0  4
  [ 2] .rel.text         REL             00000000 0013a0 000048 08     23   1  4
  [ 3] .data             PROGBITS        00000000 00009c 000000 00  WA  0   0  1
  [ 4] .bss              NOBITS          00000000 00009c 000000 00  WA  0   0  1
  [ 5] .reginfo          MIPS_REGINFO    00000000 00009c 000018 18      0   0  4
  [ 6] .pdr              PROGBITS        00000000 0000b4 000040 00      0   0  4
  [ 7] .rel.pdr          REL             00000000 0013e8 000010 08     23   6  4
  [ 8] .mdebug.abi32     PROGBITS        00000000 0000f4 000000 00      0   0  1
  [ 9] .debug_abbrev     MIPS_DWARF      00000000 0000f4 0000b5 00      0   0  1
  [10] .debug_info       MIPS_DWARF      00000000 0001a9 000442 00      0   0  1
  [11] .rel.debug_info   REL             00000000 0013f8 0002b0 08     23  10  4
  [12] .debug_line       MIPS_DWARF      00000000 0005eb 0000e3 00      0   0  1
  [13] .rel.debug_line   REL             00000000 0016a8 000008 08     23  12  4
  [14] .debug_frame      MIPS_DWARF      00000000 0006d0 000054 00      0   0  4
  [15] .rel.debug_frame  REL             00000000 0016b0 000020 08     23  14  4
  [16] .debug_pubnames   MIPS_DWARF      00000000 000724 000038 00      0   0  1
  [17] .rel.debug_pubnam REL             00000000 0016d0 000008 08     23  16  4
  [18] .debug_aranges    MIPS_DWARF      00000000 00075c 000020 00      0   0  1
  [19] .rel.debug_arange REL             00000000 0016d8 000010 08     23  18  4
  [20] .debug_str        MIPS_DWARF      00000000 00077c 0004ca 01  MS  0   0  1
  [21] .comment          PROGBITS        00000000 000c46 00002b 00      0   0  1
  [22] .shstrtab         STRTAB          00000000 000c71 0000ca 00      0   0  1
  [23] .symtab           SYMTAB          00000000 001124 0001b0 10     24  18  4
  [24] .strtab           STRTAB          00000000 0012d4 0000cb 00      0   0  1
Key to Flags:
  W (write), A (alloc), X (execute), M (merge), S (strings)
  I (info), L (link order), G (group), x (unknown)
  O (extra OS processing required) o (OS specific), p (processor specific)
