
Allocating common symbols
Common symbol       size              file

tempx_043           0x100             ./../../ap/ap_upgrade/fw_decrypt/ABC_13.o
lambda2_051         0x100             ./../../ap/ap_upgrade/fw_decrypt/ABC_13.o
lambda_052          0x100             ./../../ap/ap_upgrade/fw_decrypt/ABC_13.o
PCFWDecrypt_BufferHeader
                    0x200             ./../../ap/ap_upgrade/fw_decrypt/ABC_39.o
temp_043            0x100             ./../../ap/ap_upgrade/fw_decrypt/ABC_13.o
tempy_047           0x100             ./../../ap/ap_upgrade/fw_decrypt/ABC_13.o
temp1_051           0x100             ./../../ap/ap_upgrade/fw_decrypt/ABC_13.o
temp2_051           0x100             ./../../ap/ap_upgrade/fw_decrypt/ABC_13.o
lambda2_052         0x100             ./../../ap/ap_upgrade/fw_decrypt/ABC_13.o
temp1_053           0x80              ./../../ap/ap_upgrade/fw_decrypt/ABC_13.o
tempv_043           0x100             ./../../ap/ap_upgrade/fw_decrypt/ABC_13.o
temp2_052           0x100             ./../../ap/ap_upgrade/fw_decrypt/ABC_13.o
temp2_053           0x80              ./../../ap/ap_upgrade/fw_decrypt/ABC_13.o
temp1_052           0x100             ./../../ap/ap_upgrade/fw_decrypt/ABC_13.o
PCFWDecrypt_seed    0x20              ./../../ap/ap_upgrade/fw_decrypt/ABC_39.o
temp_046            0x100             ./../../ap/ap_upgrade/fw_decrypt/ABC_13.o
lambda_051          0x100             ./../../ap/ap_upgrade/fw_decrypt/ABC_13.o
temp3_051           0x100             ./../../ap/ap_upgrade/fw_decrypt/ABC_13.o
temp1_061           0x80              ./../../ap/ap_upgrade/fw_decrypt/ABC_13.o
temp3_052           0x100             ./../../ap/ap_upgrade/fw_decrypt/ABC_13.o
tempc_043           0x100             ./../../ap/ap_upgrade/fw_decrypt/ABC_13.o
temp2_061           0x80              ./../../ap/ap_upgrade/fw_decrypt/ABC_13.o
tempx_047           0x100             ./../../ap/ap_upgrade/fw_decrypt/ABC_13.o

Memory Configuration

Name             Origin             Length             Attributes
*default*        0x0000000000000000 0xffffffffffffffff

Linker script and memory map

LOAD ./../../../psp_rel/include/link_base.xn
                0x0000000000000000                DRV_GROUP_STG_BASE = 0x0
                0x0000000000000001                DRV_GROUP_STG_CARD = 0x1
                0x0000000000000002                DRV_GROUP_STG_UHOST = 0x2
                0x0000000000000003                DRV_GROUP_FAT32 = 0x3
                0x0000000000000004                DRV_GROUP_EXFAT = 0x4
                0x0000000000000005                DRV_GROUP_UD = 0x5
                0x0000000000000006                DRV_GROUP_LCD = 0x6
                0x0000000000000007                DRV_GROUP_FM = 0x7
                0x0000000000000008                DRV_GROUP_KEY = 0x8
                0x0000000000000009                DRV_GROUP_CCD = 0x9
                0x000000000000000a                DRV_GROUP_AUDIO_DEVICE = 0xa
                0x000000000000000b                DRV_GROUP_TTS = 0xb
                0x000000000000000c                DRV_GROUP_BT = 0xc
                0x000000000000000f                DRV_GROUP_SYS = 0xf
                0x000000000003ffff                SRAM_SIZE_MASK = 0x3ffff
                0x000000009fc00000                RDATA_ADDR_BASE = 0x9fc00000
                0x00000000bfc00000                RCODE_ADDR_BASE = 0xbfc00000
                0x0000000000000001                KERNEL_BANK_A = 0x1
                0x0000000000000002                KERNEL_BANK_B = 0x2
                0x0000000000000003                KERNEL_BANK_C = 0x3
                0x0000000000040000                BANK_SPACE = 0x40000
                0x0000000000000000                FRONT_AP = 0x0
                0x0000000000000001                BACK_AP = 0x1
                0x0000000000000002                PROCESS_MANAGER_AP = 0x2
                0x0000000000000000                FRONT_CODEC = 0x0
                0x0000000000000001                BACK_CODEC = 0x1
                0x0000000000000040                AP_BANK_FRONT_CONTROL_1 = 0x40
                0x0000000000000048                AP_BANK_FRONT_UI_1 = 0x48
                0x0000000000000050                AP_BANK_FRONT_BASAL = 0x50
                0x0000000000000058                AP_BANK_FRONT_CODEC = 0x58
                0x0000000000000060                AP_BANK_BACK_CONTROL_1 = 0x60
                0x0000000000000068                AP_BANK_BACK_BASAL = 0x68
                0x0000000000000070                AP_BANK_BACK_CODEC = 0x70
                0x0000000000000078                AP_BANK_FRONT_ENHANCED_1 = 0x78
                0x0000000000000071                AP_BANK_FRONT_ENHANCED_2 = 0x71
                0x000000000000007a                AP_BANK_BACK_ENHANCED_1 = 0x7a
                0x000000000000007b                AP_BANK_BACK_ENHANCED_2 = 0x7b
                0x0000000000000072                AP_BANK_BTENGINE_CONTROL_1 = 0x72
                0x0000000000000073                AP_BANK_BTENGINE_LIB_1 = 0x73
                0x0000000000000074                AP_BANK_BTENGINE_LIB_2 = 0x74
                0x0000000000000075                AP_BANK_BTENGINE_EXTEND_1 = 0x75
                0x0000000000000076                AP_BANK_BTENGINE_EXTEND_2 = 0x76
                0x0000000000000077                AP_BANK_BTENGINE_EXTEND_3 = 0x77
                0x000000000000007c                AP_BANK_BTENGINE_EXTEND_4 = 0x7c
                0x0000000000000079                AP_BANK_BTENGINE_EXTEND_5 = 0x79
                0x000000000000007f                AP_BANK_MANAGER = 0x7f
                0x0000000000000041                AP_BANK_AUTOTEST = 0x41
                0x0000000000000000                SROM_BROM_ADDR = 0x0
                0x0000000000002600                SROM_BROM_SIZE = 0x2600
                0x0000000000002600                SROM_SPINOR_ADDR = (SROM_BROM_ADDR + SROM_BROM_SIZE)
                0x0000000000000c00                SROM_SPINOR_SIZE = 0xc00
                0x0000000000003200                SROM_TWI_ADDR = (SROM_SPINOR_ADDR + SROM_SPINOR_SIZE)
                0x0000000000000700                SROM_TWI_SIZE = 0x700
                0x0000000000003900                SROM_STUB_ADDR = (SROM_TWI_ADDR + SROM_TWI_SIZE)
                0x0000000000000700                SROM_STUB_SIZE = 0x700
                0x0000000000000e00                SROM_SPINOR_SIZE_MDY = 0xe00
                0x0000000000003400                SROM_TWI_ADDR_MDY = (SROM_SPINOR_ADDR + SROM_SPINOR_SIZE_MDY)
                0x0000000000000700                SROM_TWI_SIZE_MDY = 0x700
                0x0000000000003b00                SROM_STUB_ADDR_MDY = (SROM_TWI_ADDR_MDY + SROM_TWI_SIZE_MDY)
                0x0000000000000500                SROM_STUB_SIZE_MDY = 0x500
                0x0000000000004000                SROM_KERNEL_ADDR = (SROM_STUB_ADDR + SROM_STUB_SIZE)
                0x0000000000004000                SROM_KERNEL_SIZE = 0x4000
                0x000000000000c000                SROM_FS_ADDR = 0xc000
                0x0000000000001c00                SROM_FS_SIZE = 0x1c00
                0x000000000000dc00                SROM_SPINOR1_ADDR = (SROM_FS_ADDR + SROM_FS_SIZE)
                0x0000000000000400                SROM_SPINOR1_SIZE = 0x400
                0x0000000000008000                SRAM_OS_RCODE_ADDR = 0x8000
                0x0000000000000c00                SRAM_OS_RCODE_SIZE = 0xc00
                0x0000000000008c00                SRAM_SPINOR_RCODE_ADDR = 0x8c00
                0x0000000000000400                SRAM_SPINOR_RCODE_SIZE = 0x400
                0x0000000000009000                SRAM_BANK_A_ADDR = 0x9000
                0x0000000000000400                SRAM_BANK_A_SIZE = 0x400
                0x0000000000009400                SRAM_BANK_B_ADDR = 0x9400
                0x0000000000000800                SRAM_BANK_B_SIZE = 0x800
                0x0000000000009c00                SRAM_UI_RCODE_ADDR = 0x9c00
                0x0000000000000300                SRAM_UI_RCODE_SIZE = 0x300
                0x0000000000009f00                SRAM_AUDIO_GLOBAL_DATA_ADDR = 0x9f00
                0x0000000000000060                SRAM_AUDIO_GLOBAL_DATA_SIZE = 0x60
                0x0000000000009f60                SRAM_UHOST_GLOBAL_DATA_ADDR = 0x9f60
                0x0000000000000010                SRAM_UHOST_GLOBAL_DATA_SIZE = 0x10
                0x0000000000009f70                SRAM_CARD_GLOBAL_DATA_ADDR = 0x9f70
                0x0000000000000010                SRAM_CARD_GLOBAL_DATA_SIZE = 0x10
                0x0000000000009f80                SRAM_SYS_SHARE_DATA_ADDR = 0x9f80
                0x0000000000000040                SRAM_SYS_SHARE_DATA_SIZE = 0x40
                0x0000000000009fc0                SRAM_RAM6_CCD_GLOBAL_DATA_ADDR = 0x9fc0
                0x0000000000000040                SRAM_RAM6_CCD_GLOBAL_DATA_SIZE = 0x40
                0x000000000000a000                SRAM_BT_LIB1_BANK_ADDR = 0xa000
                0x0000000000000800                SRAM_BT_LIB1_BANK_SIZE = 0x800
                0x000000000000a800                SRAM_BT_EXT1_BANK_ADDR = (SRAM_BT_LIB1_BANK_ADDR + SRAM_BT_LIB1_BANK_SIZE)
                0x0000000000000800                SRAM_BT_EXT1_BANK_SIZE = 0x800
                0x000000000000b000                SRAM_BT_EXT2_BANK_ADDR = (SRAM_BT_EXT1_BANK_ADDR + SRAM_BT_EXT1_BANK_SIZE)
                0x0000000000000800                SRAM_BT_EXT2_BANK_SIZE = 0x800
                0x000000000000f000                SRAM_BT_STACK_RCODE1_ADDR = 0xf000
                0x0000000000000a00                SRAM_BT_STACK_RCODE1_SIZE = 0xa00
                0x000000000000b000                SRAM_AP_BANK_MANAGER_ADDR = SRAM_BT_EXT2_BANK_ADDR
                0x0000000000000800                SRAM_AP_BANK_MANAGER_SIZE = SRAM_BT_EXT2_BANK_SIZE
                0x000000000000be00                SRAM_KEY_MESSAGE_DATA_ADDR = 0xbe00
                0x0000000000000100                SRAM_KEY_MESSAGE_DATA_SIZE = 0x100
                0x000000000000bf00                SRAM_UI_DATA_ADDR = 0xbf00
                0x0000000000000100                SRAM_UI_DATA_SIZE = 0x100
                0x0000000000010000                SRAM_BT_CONTROLLER_RCODE_ADDR = 0x10000
                0x0000000000000500                SRAM_BT_CONTROLLER_RCODE_SIZE = 0x500
                0x0000000000010500                SRAM_COMMON_BT_MANAGER_RCODE = (SRAM_BT_CONTROLLER_RCODE_ADDR + SRAM_BT_CONTROLLER_RCODE_SIZE)
                0x0000000000000b00                SRAM_COMMON_BT_MANAGER_SIZE = 0xb00
                0x0000000000011000                SRAM_BT_BACK_RCODE_ADDR = (SRAM_COMMON_BT_MANAGER_RCODE + SRAM_COMMON_BT_MANAGER_SIZE)
                0x0000000000002a00                SRAM_BT_BACK_RCODE_SIZE = 0x2a00
                0x00000000000140d0                SRAM_IRQ_PRINT_BUFFER_ADDR = 0x140d0
                0x0000000000000130                SRAM_IRQ_PRINT_BUFFER_SIZE = 0x130
                0x0000000000013a00                SRAM_BT_LIB2_BANK_ADDR = 0x13a00
                0x0000000000000d00                SRAM_BT_LIB2_BANK_SIZE = 0xd00
                0x0000000000013a00                SRAM_BT_EXT3_BANK_ADDR = SRAM_BT_LIB2_BANK_ADDR
                0x0000000000000d00                SRAM_BT_EXT3_BANK_SIZE = SRAM_BT_LIB2_BANK_SIZE
                0x0000000000021e00                SRAM_BT_EXT4_BANK_ADDR = 0x21e00
                0x0000000000000600                SRAM_BT_EXT4_BANK_SIZE = 0x600
                0x0000000000014700                SRAM_BT_EXT5_BANK_ADDR = 0x14700
                0x0000000000000600                SRAM_BT_EXT5_BANK_SIZE = 0x600
                0x000000000000fa00                SRAM_COM_DAE_RCODE_ADDR = 0xfa00
                0x0000000000000100                SRAM_COM_DAE_RCODE_SIZE = 0x100
                0x000000000000fb00                SRAM_BTCALL_EXT_RCODE_ADDR = 0xfb00
                0x0000000000000100                SRAM_BTCALL_EXT_RCODE_SIZE = 0x100
                0x000000000001d900                SRAM_AP_FRONT_RCODE_ADDR = 0x1d900
                0x0000000000000800                SRAM_AP_FRONT_RCODE_SIZE = 0x800
                0x0000000000016c00                SRAM_FS_RCODE_ADDR = 0x16c00
                0x0000000000000800                SRAM_FS_RCODE_SIZE = 0x800
                0x0000000000017400                SRAM_CARD_UD_RCODE_ADDR = 0x17400
                0x0000000000000c00                SRAM_CARD_UD_RCODE_SIZE = 0xc00
                0x0000000000017400                SRAM_UHOST_UD_RCODE_ADDR = SRAM_CARD_UD_RCODE_ADDR
                0x0000000000000c00                SRAM_UHOST_UD_RCODE_SIZE = SRAM_CARD_UD_RCODE_SIZE
                0x0000000000016c00                SRAM_USOUND_RCODE_ADDR = 0x16c00
                0x0000000000002800                SRAM_USOUND_RCODE_SIZE = 0x2800
                0x0000000000016c00                SRAM_BTSTACK_AVDTP_DATA_ADDR = 0x16c00
                0x0000000000002980                SRAM_BTSTACK_AVDTP_DATA_SIZE = 0x2980
                0x0000000000016c00                SRAM_BTCALL_CALLRING_BUF_ADDR = 0x16c00
                0x0000000000001000                SRAM_BTCALL_CALLRING_BUF_SIZE = 0x1000
                0x0000000000016c00                SRAM_BTCALL_ASQT_BUF_ADDR = 0x16c00
                0x0000000000002800                SRAM_BTCALL_ASQT_BUF_SIZE = 0x2800
                0x0000000000018000                SRAM_FS_DATA_ADDR = 0x18000
                0x0000000000000300                SRAM_FS_DATA_SIZE = 0x300
                0x0000000000018300                SRAM_FS_BUF_ADDR = 0x18300
                0x0000000000000a00                SRAM_FS_BUF_SIZE = 0xa00
                0x0000000000018d00                SRAM_CARD_UD_CACHE_ADDR = 0x18d00
                0x0000000000000800                SRAM_CARD_UD_CACHE_SIZE = 0x800
                0x0000000000018d00                SRAM_UHOST_UD_CACHE_ADDR = SRAM_CARD_UD_CACHE_ADDR
                0x0000000000000800                SRAM_UHOST_UD_CACHE_SIZE = SRAM_CARD_UD_CACHE_SIZE
                0x0000000000019500                SRAM_CARD_DATA_ADDR = 0x19500
                0x0000000000000080                SRAM_CARD_DATA_SIZE = 0x80
                0x0000000000019500                SRAM_UHOST_DATA_ADDR = SRAM_CARD_DATA_ADDR
                0x0000000000000080                SRAM_UHOST_DATA_SIZE = SRAM_CARD_DATA_SIZE
                0x0000000000019580                SRAM_AP_BACK_DATA_ADDR = 0x19580
                0x0000000000000400                SRAM_AP_BACK_DATA_SIZE = 0x400
                0x0000000000019980                SRAM_AP_FRONT_DATA_ADDR = 0x19980
                0x0000000000000700                SRAM_AP_FRONT_DATA_SIZE = 0x700
                0x000000000001a080                SRAM_APPLIB_GLOBAL_DATA_ADDR = 0x1a080
                0x0000000000000040                SRAM_APPLIB_GLOBAL_DATA_SIZE = 0x40
                0x000000000001a0c0                SRAM_APPLIB_DATA_ADDR = 0x1a0c0
                0x0000000000000200                SRAM_APPLIB_DATA_SIZE = 0x200
                0x000000000001a2c0                SRAM_BTMANAGER_DATA_ADDR = 0x1a2c0
                0x0000000000000140                SRAM_BTMANAGER_DATA_SIZE = 0x140
                0x000000000001a400                SRAM_OS_DATA_ADDR = 0x1a400
                0x0000000000000880                SRAM_OS_DATA_SIZE = 0x880
                0x000000000001ac80                SRAM_OS_HEAP_ADDR = 0x1ac80
                0x0000000000000680                SRAM_OS_HEAP_SIZE = 0x680
                0x000000000001b300                SRAM_AP_MANAGER_RCODE_ADDR = 0x1b300
                0x0000000000000100                SRAM_AP_MANAGER_RCODE_SIZE = 0x100
                0x000000000001b400                SRAM_OS_SD_SWAP_BUF_ADDR = 0x1b400
                0x0000000000000200                SRAM_OS_SD_SWAP_BUF_SIZE = 0x200
                0x000000000001b600                SRAM_OS_TASK_STACK_ADDR = 0x1b600
                0x0000000000001e00                SRAM_OS_TASK_STACK_SIZE = 0x1e00
                0x000000000001d500                SRAM_BANK_C_ADDR = 0x1d500
                0x0000000000000400                SRAM_BANK_C_SIZE = 0x400
                0x000000000001e100                SRAM_BT_HCI_BUF_ADDR = 0x1e100
                0x0000000000000ff0                SRAM_BT_HCI_BUF_SIZE = 0xff0
                0x0000000000016400                SRAM_BT_UART_BUF_ADDR = 0x16400
                0x0000000000000800                SRAM_BT_UART_BUF_SIZE = 0x800
                0x000000000001f0f0                SRAM_BT_RCODE_DATA_ADDR = 0x1f0f0
                0x0000000000000710                SRAM_BT_RCODE_DATA_SIZE = 0x710
                0x000000000001f800                SRAM_KEY_MESSAGE_RCODE_ADDR = 0x1f800
                0x0000000000000800                SRAM_KEY_MESSAGE_RCODE_SIZE = 0x800
                0x0000000000020000                SRAM_DSP_IRQ_TABLE_ADDR = 0x20000
                0x0000000000000120                SRAM_DSP_IRQ_TABLE_SIZE = 0x120
                0x0000000000020120                SRAM_RAM2_RESEVER_ADDR = 0x20120
                0x00000000000000e0                SRAM_RAM2_RESEVER_SIZE = 0xe0
                0x0000000000020200                SRAM_AP_BANK_FRONT_CONTROL_ADDR = 0x20200
                0x0000000000000800                SRAM_AP_BANK_FRONT_CONTROL_SIZE = 0x800
                0x0000000000020a00                SRAM_KERNEL_XSYS_ADDR = 0x20a00
                0x0000000000000e00                SRAM_KERNEL_XSYS_SIZE = 0xe00
                0x0000000000021800                SRAM_AP_BACK_BASAL_RCODE_ADDR = 0x21800
                0x0000000000000600                SRAM_AP_BACK_BASAL_RCODE_SIZE = 0x600
                0x0000000000021e00                SRAM_AP_BANK_BACK_BASAL_ADDR = 0x21e00
                0x0000000000000600                SRAM_AP_BANK_BACK_BASAL_SIZE = 0x600
                0x0000000000022400                SRAM_BT_HEAD_ADDR = 0x22400
                0x0000000000003400                SRAM_BT_HEAD_SIZE = 0x3400
                0x0000000000025000                SRAM_UART_STUB_RCODE_ADDR = 0x25000
                0x0000000000000800                SRAM_UART_STUB_RCODE_SIZE = 0x800
                0x0000000000027e00                SRAM_AP_FRONT_BASAL_RCODE_ADDR = 0x27e00
                0x0000000000000400                SRAM_AP_FRONT_BASAL_RCODE_SIZE = 0x400
                0x000000000000b000                SRAM_AP_BANK_FRONT_BASAL_ADDR = 0xb000
                0x0000000000000800                SRAM_AP_BANK_FRONT_BASAL_SIZE = 0x800
                0x0000000000025800                SRAM_AP_BANK_FRONT_UI_ADDR = 0x25800
                0x0000000000000800                SRAM_AP_BANK_FRONT_UI_SIZE = 0x800
                0x0000000000026000                SRAM_AP_RCP_COMMAND_BUFFER_ADDR = 0x26000
                0x0000000000000220                SRAM_AP_RCP_COMMAND_BUFFER_SIZE = 0x220
                0x0000000000026000                SRAM_AP_BACK_RCODE_ADDR = 0x26000
                0x0000000000000800                SRAM_AP_BACK_RCODE_SIZE = 0x800
                0x0000000000026800                SRAM_AP_BANK_BACK_CONTROL_ADDR = 0x26800
                0x0000000000000800                SRAM_AP_BANK_BACK_CONTROL_SIZE = 0x800
                0x0000000000027000                SRAM_RAM2_RESEVER2_ADDR = 0x27000
                0x0000000000000e00                SRAM_RAM2_RESEVER2_SIZE = 0xe00
                0x0000000000027e00                SRAM_BTPLAY_MMM_RCODE2_ADDR = 0x27e00
                0x0000000000000e00                SRAM_BTPLAY_MMM_RCODE2_SIZE = 0xe00
                0x0000000000028c00                SRAM_BTPLAY_SWAP_BUFFER_ADDR = 0x28c00
                0x0000000000000400                SRAM_BTPLAY_SWAP_BUFFER_SIZE = 0x400
                0x0000000000028200                SRAM_AP_BACK_CODEC_RCODE_ADDR = 0x28200
                0x0000000000000a00                SRAM_AP_BACK_CODEC_RCODE_SIZE = 0xa00
                0x0000000000028c00                SRAM_AP_BANK_BACK_CODEC_ADDR = 0x28c00
                0x0000000000000400                SRAM_AP_BANK_BACK_CODEC_SIZE = 0x400
                0x0000000000029000                SRAM_AP_BACK_AL_RCODE_1_ADDR = 0x29000
                0x0000000000007000                SRAM_AP_BACK_AL_RCODE_1_SIZE = 0x7000
                0x000000000002e000                SRAM_AP_BANK_BACK_AL_4_ADDR = 0x2e000
                0x0000000000002000                SRAM_AP_BANK_BACK_AL_4_SIZE = 0x2000
                0x0000000000030000                SRAM_AP_BANK_BACK_AL_1_ADDR = 0x30000
                0x0000000000004000                SRAM_AP_BANK_BACK_AL_1_SIZE = 0x4000
                0x0000000000034000                SRAM_AP_BACK_AL_RCODE_2_ADDR = 0x34000
                0x0000000000002000                SRAM_AP_BACK_AL_RCODE_2_SIZE = 0x2000
                0x0000000000036000                SRAM_AP_BANK_BACK_AL_2_ADDR = 0x36000
                0x0000000000002000                SRAM_AP_BANK_BACK_AL_2_SIZE = 0x2000
                0x0000000000038000                SRAM_AP_BANK_BACK_AL_3_ADDR = 0x38000
                0x0000000000004000                SRAM_AP_BANK_BACK_AL_3_SIZE = 0x4000
                0x000000000000e000                SRAM_ASRC_BUF_0_ADDR = 0xe000
                0x0000000000000e00                SRAM_ASRC_BUF_0_SIZE = 0xe00
                0x000000000000f000                SRAM_ASRC_BUF_1_ADDR = 0xf000
                0x0000000000000c00                SRAM_ASRC_BUF_1_SIZE = 0xc00
                0x000000000000fc00                SRAM_CARD_BUF_0_ADDR = 0xfc00
                0x0000000000000200                SRAM_CARD_BUF_0_SIZE = 0x200
                0x000000000000fe00                SRAM_CARD_BUF_1_ADDR = 0xfe00
                0x0000000000000200                SRAM_CARD_BUF_1_SIZE = 0x200
                0x000000000000fc00                SRAM_CARD_FIFO_ADDR = SRAM_CARD_BUF_0_ADDR
                0x0000000000000400                SRAM_CARD_FIFO_SIZE = (SRAM_CARD_BUF_0_SIZE + SRAM_CARD_BUF_1_SIZE)
                0x000000000003c000                SRAM_PCMRAM_0_ADDR = 0x3c000
                0x0000000000001000                SRAM_PCMRAM_0_SIZE = 0x1000
                0x000000000003d000                SRAM_PCMRAM_1_ADDR = 0x3d000
                0x0000000000001000                SRAM_PCMRAM_1_SIZE = 0x1000
                0x000000000003e000                SRAM_PCMRAM_2_ADDR = 0x3e000
                0x0000000000001000                SRAM_PCMRAM_2_SIZE = 0x1000
                0x000000000003c000                SRAM_PCMRAM_H5_FIFO_ADDR = SRAM_PCMRAM_0_ADDR
                0x0000000000001000                SRAM_PCMRAM_H5_FIFO_SIZE = SRAM_PCMRAM_0_SIZE
                0x000000000003d000                SRAM_PCMRAM_PCMFIFO_ADDR = SRAM_PCMRAM_1_ADDR
                0x0000000000002000                SRAM_PCMRAM_FIFO_SIZE = (SRAM_PCMRAM_1_SIZE + SRAM_PCMRAM_2_SIZE)
                0x000000000003f000                SRAM_URAM_0_ADDR = 0x3f000
                0x0000000000000800                SRAM_URAM_0_SIZE = 0x800
                0x000000000003f800                SRAM_URAM_1_ADDR = 0x3f800
                0x0000000000000800                SRAM_URAM_1_SIZE = 0x800
                0x000000000003f000                SRAM_URAM_UDISK_FIFO_ADDR = SRAM_URAM_0_ADDR
                0x0000000000001000                SRAM_URAM_UDISK_FIFO_SIZE = (SRAM_URAM_0_SIZE + SRAM_URAM_1_SIZE)
                0x000000000003f800                SRAM_URAM_UHOST_FIFO_ADDR = SRAM_URAM_1_ADDR
                0x0000000000000800                SRAM_URAM_UHOST_FIFO_SIZE = SRAM_URAM_1_SIZE
                0x0000000000026800                SRAM_AP_BANK_FRONT_ENHANCED_1_ADDR = SRAM_AP_BANK_BACK_CONTROL_ADDR
                0x0000000000000800                SRAM_AP_BANK_FRONT_ENHANCED_1_SIZE = 0x800
                0x0000000000000000                SRAM_AP_BANK_FRONT_ENHANCED_2_ADDR = 0x0
                0x0000000000000000                SRAM_AP_BANK_FRONT_ENHANCED_2_SIZE = 0x0
                0x0000000000021e00                SRAM_AP_BANK_BACK_ENHANCED_1_ADDR = SRAM_AP_BANK_BACK_BASAL_ADDR
                0x0000000000000600                SRAM_AP_BANK_BACK_ENHANCED_1_SIZE = SRAM_AP_BANK_BACK_BASAL_SIZE
                0x0000000000028a00                SRAM_AP_BANK_BACK_ENHANCED_2_ADDR = 0x28a00
                0x0000000000000600                SRAM_AP_BANK_BACK_ENHANCED_2_SIZE = 0x600
                0x0000000000000000                SRAM_AP_BANK_FRONT_CODEC_ADDR = 0x0
                0x0000000000000000                SRAM_AP_BANK_FRONT_CODEC_SIZE = 0x0
                0x000000000003b800                SRAM_TTS_DRV_RCODE_ADDR = 0x3b800
                0x0000000000000800                SRAM_TTS_DRV_RCODE_SIZE = 0x800
                0x0000000000019580                SRAM_FM_ENG_RDATA_ADDR = SRAM_AP_BACK_DATA_ADDR
                0x0000000000000200                SRAM_FM_ENG_RDATA_SIZE = 0x200
                0x0000000000016c00                SRAM_FM_DRV_RCODE_ADDR = SRAM_FS_RCODE_ADDR
                0x0000000000000800                SRAM_FM_DRV_RCODE_SIZE = 0x800
                0x0000000000019780                SRAM_FM_DRV_RDATA_ADDR = (SRAM_FM_ENG_RDATA_ADDR + SRAM_FM_ENG_RDATA_SIZE)
                0x0000000000000200                SRAM_FM_DRV_RDATA_SIZE = (SRAM_AP_BACK_DATA_SIZE - SRAM_FM_ENG_RDATA_SIZE)
                0x0000000000021800                SRAM_AP_USB_DEVICE_RCODE_ADDR = 0x21800
                0x0000000000004000                SRAM_AP_USB_DEVICE_RCODE_SIZE = SRAM_AP_BANK_BACK_AL_1_SIZE
                0x0000000000040000                SRAM_INVALID_RCODE_ADDR = 0x40000
                0x0000000000000000                AP_INDEX = FRONT_AP
                0x000000000001d900                SRAM_TEXT_ADDR = SRAM_AP_FRONT_RCODE_ADDR
                0x0000000000019980                SRAM_DATA_ADDR = SRAM_AP_FRONT_DATA_ADDR
                0x00000000bfc1d900                //RCODE_TEXT_ADDR = (RCODE_ADDR_BASE + SRAM_TEXT_ADDR)
                0x00000000bfc1d900                RCODE_TEXT_ADDR = (RCODE_ADDR_BASE + SRAM_AP_FRONT_RCODE_ADDR)
                0x000000009fc19980                RDATA_DATA_ADDR = (RDATA_ADDR_BASE + SRAM_DATA_ADDR)
                0x0000000040026000                BANK_CONTROL_1_ADDR_BASE = ((AP_BANK_FRONT_CONTROL_1 << 0x18) + 0x26000)
                0x0000000048025800                BANK_UI_1_ADDR_BASE = ((AP_BANK_FRONT_UI_1 << 0x18) + SRAM_AP_BANK_FRONT_UI_ADDR)
                0x0000000078026800                BANK_ENHANCED_1_ADDR_BASE = ((AP_BANK_FRONT_ENHANCED_1 << 0x18) + SRAM_AP_BANK_FRONT_ENHANCED_1_ADDR)
                0x0000000071026800                BANK_ENHANCED_2_ADDR_BASE = ((AP_BANK_FRONT_ENHANCED_2 << 0x18) + SRAM_AP_BANK_FRONT_ENHANCED_1_ADDR)
                0x0000000000000800                BANK_CONTROL_SIZE = SRAM_AP_BANK_FRONT_CONTROL_SIZE
                0x0000000000000800                BANK_UI_SIZE = SRAM_AP_BANK_FRONT_UI_SIZE
                0x0000000000000800                BANK_ENHANCED1_SIZE = SRAM_AP_BANK_FRONT_ENHANCED_1_SIZE
                0x0000000000000000                BANK_ENHANCED2_SIZE = SRAM_AP_BANK_FRONT_ENHANCED_2_SIZE
                0x0000000000040000                AP_BANK_SPACE = BANK_SPACE

.text           0x00000000bfc1d900      0x4f0
 sys_op_entry.o(.text)
 .text          0x00000000bfc1d900        0x4 ./../../../psp_rel/lib/sys_op_entry.o
                0x00000000bfc1d901                sys_op_entry
 libc_op_entry.o(.text)
 .text          0x00000000bfc1d904        0x4 ./../../../psp_rel/lib/libc_op_entry.o
                0x00000000bfc1d905                libc_op_entry
 audio_device_op_entry.o(.text)
 .text          0x00000000bfc1d908        0x4 ./../../../psp_rel/lib/audio_device_op_entry.o
                0x00000000bfc1d909                audio_device_op_entry
 key_op_entry.o(.text)
 .text          0x00000000bfc1d90c        0x4 ./../../../psp_rel/lib/key_op_entry.o
                0x00000000bfc1d90d                key_op_entry
 lcd_op_entry.o(.text)
 .text          0x00000000bfc1d910        0x4 ./../../../psp_rel/lib/lcd_op_entry.o
                0x00000000bfc1d911                lcd_op_entry
 tts_op_entry.o(.text)
 .text          0x00000000bfc1d914        0x4 ./../../../psp_rel/lib/tts_op_entry.o
                0x00000000bfc1d915                tts_op_entry
 ccd_op_entry.o(.text)
 .text          0x00000000bfc1d918        0x4 ./../../../psp_rel/lib/ccd_op_entry.o
                0x00000000bfc1d919                ccd_op_entry
 base_op_entry.o(.text)
 .text          0x00000000bfc1d91c        0x4 ./../../../psp_rel/lib/base_op_entry.o
                0x00000000bfc1d91d                base_op_entry
 stub_mod_cmd.o(.text)
 .text          0x00000000bfc1d920        0x4 ./../../../psp_rel/lib/stub_mod_cmd.o
                0x00000000bfc1d921                stub_mod_cmd
 app_timer_rcode.o(.text)
 .text          0x00000000bfc1d924      0x11c ./../../lib/app_timer_rcode.o
                0x00000000bfc1d925                handle_timers
 message_rcode.o(.text)
 .text          0x00000000bfc1da40       0x98 ./../../lib/message_rcode.o
                0x00000000bfc1da75                get_app_msg
                0x00000000bfc1da41                get_sys_msg
 message_key_rcode.o(.text)
 .text          0x00000000bfc1dad8       0xa4 ./../../lib/message_key_rcode.o
                0x00000000bfc1dad9                get_gui_msg
 common_view_loop.o(.text .rodata)
 .text          0x00000000bfc1db7c       0xe4 ./../../lib/common_view_loop.o
                0x00000000bfc1db7d                com_view_loop
 common_view_manager.o(.rcode)
 .rcode         0x00000000bfc1dc60       0x3c ./../../lib/common_view_manager.o
                0x00000000bfc1dc61                com_view_update
 ap_upgrade_main.o(.text .rodata)
 .text          0x00000000bfc1dc9c       0xc0 ./obj/ap_upgrade_main.o
                0x00000000bfc1dc9d                _scene_result_deal
                0x00000000bfc1dca5                main
 ap_upgrade_voice.o(.text .bss .rodata)
 .text          0x00000000bfc1dd5c       0x94 ./obj/ap_upgrade_voice.o
                0x00000000bfc1ddc5                upgrade_start_key_tone
                0x00000000bfc1dd91                led_on_spio
                0x00000000bfc1dda9                led_off_spio
                0x00000000bfc1dd5d                led_init_spio

.bss            0x000000009fc19980      0x375
 applib_app_data.o(.bss)
 .bss           0x000000009fc19980       0x1c ./../../lib/applib_app_data.o
                0x000000009fc1998c                g_app_timer_id
                0x000000009fc19988                g_app_timer_vector
                0x000000009fc19998                g_app_timer_count
                0x000000009fc19990                g_this_app_info
                0x000000009fc19994                thread_mutex
                0x000000009fc19980                g_this_gui_msg_hook
                0x000000009fc19984                g_this_app_msg_hook
                0x000000009fc1998d                g_this_app_timer_tag
 common_func_data.o(.bss)
 .bss           0x000000009fc1999c       0x98 ./../../lib/common_func_data.o
                0x000000009fc19a24                g_standby_exit_flag
                0x000000009fc199a4                g_p_set_calendar
                0x000000009fc19a27                g_need_reset_controller_timeout
                0x000000009fc19a1c                g_standby_enter_cb
                0x000000009fc19a20                g_standby_exit_cb
                0x000000009fc199dc                g_view_manager_infor
                0x000000009fc19a30                prev_next_ch_timer_id
                0x000000009fc19a25                g_esd_restart_flag
                0x000000009fc1999c                sys_comval
                0x000000009fc19a31                g_prev_next_ch_start
                0x000000009fc19a04                g_low_power_var
                0x000000009fc199a8                g_p_set_alarm
                0x000000009fc199fd                sys_counter_timer_id
                0x000000009fc19a28                g_neednot_tts_play_timeout
                0x000000009fc19a26                g_need_auto_connect_timeout
                0x000000009fc19a29                g_neednot_tts_play_reset
                0x000000009fc199fc                this_filter_key_value
                0x000000009fc199e8                g_ota_restore_data
                0x000000009fc199fe                peripheral_detect_timer_id
                0x000000009fc199ac                g_view_infor
                0x000000009fc19a00                g_detect_card_force_flag
                0x000000009fc199e4                g_p_view_ke
                0x000000009fc199ff                g_ignore_switch_mute
                0x000000009fc19a2c                g_APKsend_pakg_num
                0x000000009fc199a0                g_p_clock_show
 ap_upgrade_main.o(.bss)
 .bss           0x000000009fc19a34      0x208 ./obj/ap_upgrade_main.o
                0x000000009fc19a38                g_comval
                0x000000009fc19be5                g_led_state
                0x000000009fc19be8                prev_freq
                0x000000009fc19a34                g_cur_status
                0x000000009fc19bec                g_mainmenu_timer_vector
                0x000000009fc19a36                g_display_bitmap
                0x000000009fc19be4                g_key_play
                0x000000009fc19a35                g_paint_flag
 ap_upgrade_rcode.o(.bss)
 .bss           0x000000009fc19c3c       0x90 ./obj/ap_upgrade_rcode.o
                0x000000009fc19c48                g_decrypt_cache
                0x000000009fc19c50                _para
                0x000000009fc19c3c                g_decrypt_ops
                0x000000009fc19c44                g_firmware_offset
 .bss           0x000000009fc19ccc       0x18 ./obj/decrypt.o
                0x000000009fc19ccc                g_decrypt
 .bss           0x000000009fc19ce4        0x2 ./../../lib/common_key_deal.o
                0x000000009fc19ce5                key_clearpaired_flag
                0x000000009fc19ce4                key_hold_flag
 *fill*         0x000000009fc19ce6        0x2 00
 .bss           0x000000009fc19ce8        0xc ./../../lib/pair_headphone_led.o
                0x000000009fc19ce8                LED_FLASH_UP
                0x000000009fc19cec                duty
 .bss           0x000000009fc19cf4        0x1 ./../../lib/common_power_config.o

.data           0x000000009fc19cf8       0xec
                0x000000009fc19cf8                _resident_data = <code 340> (.)
 ABC_13.o(.data .bss)
 .data          0x000000009fc19cf8       0x84 ./../../ap/ap_upgrade/fw_decrypt/ABC_13.o
                0x000000009fc19d38                XYZ_911
                0x000000009fc19d58                xyz_910
                0x000000009fc19d18                XYZ_912
                0x000000009fc19cf8                tab_m
 .bss           0x000000009fc19d7c       0x20 ./../../ap/ap_upgrade/fw_decrypt/ABC_13.o
                0x000000009fc19d7c                XYZ_913
 ABC_39.o(.data .bss)
 .data          0x000000009fc19d9c       0x30 ./../../ap/ap_upgrade/fw_decrypt/ABC_39.o
                0x000000009fc19db0                Version_Number_major_FW
                0x000000009fc19db4                ContentID_FW
                0x000000009fc19d9c                FileID
                0x000000009fc19dc4                fw_decrypt_op
                0x000000009fc19dac                Version_Number_minor_FW
 ap_upgrade_voice.o(.bank)
 .bank          0x000000009fc19dcc       0x18 ./obj/ap_upgrade_voice.o
                0x000000009fc19dcd                keytone_play_init
                0x0000000040020200                . = BANK_CONTROL_1_ADDR_BASE
                0x0000000000020200                OFFSET = (. & 0x3ffff)

BANK_CONTROL_1_0
                0x0000000040026000     0x4db8
                0x0000000040026000                _resident_text = <code 340> (.)
 ap_upgrade_bank.o(.text .rodata)
 .text          0x0000000040026000      0x4b8 ./obj/ap_upgrade_bank.o
                0x0000000040026141                search_content
                0x0000000040026041                parse_firmware
                0x0000000040026465                upgrade_deal
 .rodata        0x00000000400264b8       0x3c ./obj/ap_upgrade_bank.o
 init.o(.text .rodata .data .bss)
 ABC_03.o(.text .rodata .data .bss)
 .text          0x00000000400264f4      0x174 ./../../ap/ap_upgrade/fw_decrypt/ABC_03.o
                0x00000000400264f4                XYZ_072
 ABC_05.o(.text .rodata .data .bss)
 .text          0x0000000040026668      0x1a0 ./../../ap/ap_upgrade/fw_decrypt/ABC_05.o
                0x0000000040026668                XYZ_070
                0x00000000400267a8                XYZ_071
 ABC_06.o(.text .rodata .data .bss)
 .text          0x0000000040026808       0xf8 ./../../ap/ap_upgrade/fw_decrypt/ABC_06.o
                0x0000000040026808                XYZ_069
 .data          0x0000000040026900      0x400 ./../../ap/ap_upgrade/fw_decrypt/ABC_06.o
                0x0000000040026900                XYZ_900
 ABC_08.o(.text .rodata .data .bss)
 .text          0x0000000040026d00      0x1c4 ./../../ap/ap_upgrade/fw_decrypt/ABC_08.o
                0x0000000040026d98                XYZ_063
                0x0000000040026e18                XYZ_064
                0x0000000040026e64                XYZ_065
                0x0000000040026e6c                XYZ_067
                0x0000000040026d00                XYZ_062
 ABC_13.o(.text .rodata .data .bss)
 .text          0x0000000040026ec4      0xd44 ./../../ap/ap_upgrade/fw_decrypt/ABC_13.o
                0x0000000040027b30                XYZ_057
                0x0000000040026f44                XYZ_036
                0x0000000040027050                XYZ_042
                0x0000000040027014                XYZ_041
                0x00000000400273a4                XYZ_047
                0x0000000040027924                XYZ_053
                0x000000004002774c                XYZ_052
                0x0000000040026fe4                XYZ_039
                0x0000000040027274                XYZ_045
                0x0000000040027514                XYZ_049
                0x000000004002757c                XYZ_051
                0x0000000040026fc4                XYZ_038
                0x0000000040027b74                XYZ_061
                0x00000000400274e4                XYZ_048
                0x0000000040026ec4                XYZ_034
                0x0000000040026fa0                XYZ_037
                0x00000000400272f4                XYZ_046
                0x000000004002711c                XYZ_043
 ABC_23.o(.text .rodata .data .bss)
 .text          0x0000000040027c08       0x6c ./../../ap/ap_upgrade/fw_decrypt/ABC_23.o
                0x0000000040027c08                XYZ_023
 ABC_29.o(.text .rodata .data .bss)
 .text          0x0000000040027c74      0x118 ./../../ap/ap_upgrade/fw_decrypt/ABC_29.o
                0x0000000040027c74                XYZ_010
                0x0000000040027d1c                XYZ_011
 .data          0x0000000040027d8c       0x14 ./../../ap/ap_upgrade/fw_decrypt/ABC_29.o
                0x0000000040027d8c                XYZ_902
 ABC_33.o(.text .rodata .data .bss)
 .text          0x0000000040027da0      0x114 ./../../ap/ap_upgrade/fw_decrypt/ABC_33.o
                0x0000000040027da0                XYZ_001
 ABC_39.o(.text .rodata .data .bss)
 .text          0x0000000040027eb4      0x8d8 ./../../ap/ap_upgrade/fw_decrypt/ABC_39.o
                0x000000004002864c                PCFWDecrypt
                0x00000000400283d4                PCFWDecryptInit
                0x0000000040027eb4                XYZ_107
 ABC_N2.o(.text .rodata .data .bss)
 .text          0x000000004002878c      0x1a0 ./../../ap/ap_upgrade/fw_decrypt/ABC_N2.o
                0x000000004002878c                XYZ_N02
 .rodata        0x000000004002892c       0x20 ./../../ap/ap_upgrade/fw_decrypt/ABC_N2.o
 *(COMMON)
 COMMON         0x000000004002894c     0x1300 ./../../ap/ap_upgrade/fw_decrypt/ABC_13.o
                0x000000004002894c                tempx_043
                0x0000000040028a4c                lambda2_051
                0x0000000040028b4c                lambda_052
                0x0000000040028c4c                temp_043
                0x0000000040028d4c                tempy_047
                0x0000000040028e4c                temp1_051
                0x0000000040028f4c                temp2_051
                0x000000004002904c                lambda2_052
                0x000000004002914c                temp1_053
                0x00000000400291cc                tempv_043
                0x00000000400292cc                temp2_052
                0x00000000400293cc                temp2_053
                0x000000004002944c                temp1_052
                0x000000004002954c                temp_046
                0x000000004002964c                lambda_051
                0x000000004002974c                temp3_051
                0x000000004002984c                temp1_061
                0x00000000400298cc                temp3_052
                0x00000000400299cc                tempc_043
                0x0000000040029acc                temp2_061
                0x0000000040029b4c                tempx_047
 COMMON         0x0000000040029c4c      0x220 ./../../ap/ap_upgrade/fw_decrypt/ABC_39.o
                0x0000000040029c4c                PCFWDecrypt_BufferHeader
                0x0000000040029e4c                PCFWDecrypt_seed
 vfs_op_entry.o(.text)
 .text          0x0000000040029e6c        0x4 ./../../../psp_rel/lib/vfs_op_entry.o
                0x0000000040029e6d                vfs_op_entry
 ctor.o(.text .rodata)
 .text          0x0000000040029e70       0xcc ./../../../psp_rel/lib/ctor.o
                0x0000000040029e71                process_start
                0x0000000040029ea1                __start
 ap_upgrade_rcode.o(.text .rodata)
 .text          0x0000000040029f3c      0x7b8 ./obj/ap_upgrade_rcode.o
                0x0000000040029f4d                check_sum16
                0x0000000040029fed                ud_sector_read
                0x000000004002a0fd                check_sum32
                0x000000004002a6b5                upgrade_fw_write
                0x000000004002a485                lfi_write
                0x000000004002a22d                mbrec_write
                0x000000004002a641                remind_voice
                0x0000000040029f3d                fresh_display
                0x0000000040029f65                ud_sector_write
                0x000000004002a345                lfi_check
                0x000000004002a031                brec_sector_write
                0x000000004002a111                brec_write
 decrypt.o(.text .rodata)
 .text          0x000000004002a6f4      0x264 ./obj/decrypt.o
                0x000000004002a6f5                _read_file_translate
                0x000000004002a8c5                decrypt_init
                0x000000004002a941                _read_file
 ap_upgrade_fw_check.o(.text .rodata)
 .text          0x000000004002a958      0x3dc ./obj/ap_upgrade_fw_check.o
                0x000000004002a959                is_fw_exist
                0x000000004002aad9                upgrade_fw_check
 .rodata        0x000000004002ad34       0x84 ./obj/ap_upgrade_fw_check.o
                0x000000004002ad84                fw_file_name
                0x000000004002ad50                fwu_ascfile_name
                0x000000004002ad34                fw_file_newname
                0x000000004002ad5c                fw_ascfile_name
                0x000000004002ad68                fwu_file_name
 *(.sbss)
 *(.common)
 *.o(.data)
                0x000000004002adb8                _resident_text_end = <code 340> (.)
LOAD ./../common/common_front.xn
LOAD ./../../../psp_rel/include/link_base.xn
                0x0000000000000000                DRV_GROUP_STG_BASE = 0x0
                0x0000000000000001                DRV_GROUP_STG_CARD = 0x1
                0x0000000000000002                DRV_GROUP_STG_UHOST = 0x2
                0x0000000000000003                DRV_GROUP_FAT32 = 0x3
                0x0000000000000004                DRV_GROUP_EXFAT = 0x4
                0x0000000000000005                DRV_GROUP_UD = 0x5
                0x0000000000000006                DRV_GROUP_LCD = 0x6
                0x0000000000000007                DRV_GROUP_FM = 0x7
                0x0000000000000008                DRV_GROUP_KEY = 0x8
                0x0000000000000009                DRV_GROUP_CCD = 0x9
                0x000000000000000a                DRV_GROUP_AUDIO_DEVICE = 0xa
                0x000000000000000b                DRV_GROUP_TTS = 0xb
                0x000000000000000c                DRV_GROUP_BT = 0xc
                0x000000000000000f                DRV_GROUP_SYS = 0xf
                0x000000000003ffff                SRAM_SIZE_MASK = 0x3ffff
                0x000000009fc00000                RDATA_ADDR_BASE = 0x9fc00000
                0x00000000bfc00000                RCODE_ADDR_BASE = 0xbfc00000
                0x0000000000000001                KERNEL_BANK_A = 0x1
                0x0000000000000002                KERNEL_BANK_B = 0x2
                0x0000000000000003                KERNEL_BANK_C = 0x3
                0x0000000000040000                BANK_SPACE = 0x40000
                0x0000000000000000                FRONT_AP = 0x0
                0x0000000000000001                BACK_AP = 0x1
                0x0000000000000002                PROCESS_MANAGER_AP = 0x2
                0x0000000000000000                FRONT_CODEC = 0x0
                0x0000000000000001                BACK_CODEC = 0x1
                0x0000000000000040                AP_BANK_FRONT_CONTROL_1 = 0x40
                0x0000000000000048                AP_BANK_FRONT_UI_1 = 0x48
                0x0000000000000050                AP_BANK_FRONT_BASAL = 0x50
                0x0000000000000058                AP_BANK_FRONT_CODEC = 0x58
                0x0000000000000060                AP_BANK_BACK_CONTROL_1 = 0x60
                0x0000000000000068                AP_BANK_BACK_BASAL = 0x68
                0x0000000000000070                AP_BANK_BACK_CODEC = 0x70
                0x0000000000000078                AP_BANK_FRONT_ENHANCED_1 = 0x78
                0x0000000000000071                AP_BANK_FRONT_ENHANCED_2 = 0x71
                0x000000000000007a                AP_BANK_BACK_ENHANCED_1 = 0x7a
                0x000000000000007b                AP_BANK_BACK_ENHANCED_2 = 0x7b
                0x0000000000000072                AP_BANK_BTENGINE_CONTROL_1 = 0x72
                0x0000000000000073                AP_BANK_BTENGINE_LIB_1 = 0x73
                0x0000000000000074                AP_BANK_BTENGINE_LIB_2 = 0x74
                0x0000000000000075                AP_BANK_BTENGINE_EXTEND_1 = 0x75
                0x0000000000000076                AP_BANK_BTENGINE_EXTEND_2 = 0x76
                0x0000000000000077                AP_BANK_BTENGINE_EXTEND_3 = 0x77
                0x000000000000007c                AP_BANK_BTENGINE_EXTEND_4 = 0x7c
                0x0000000000000079                AP_BANK_BTENGINE_EXTEND_5 = 0x79
                0x000000000000007f                AP_BANK_MANAGER = 0x7f
                0x0000000000000041                AP_BANK_AUTOTEST = 0x41
                0x0000000000000000                SROM_BROM_ADDR = 0x0
                0x0000000000002600                SROM_BROM_SIZE = 0x2600
                0x0000000000002600                SROM_SPINOR_ADDR = (SROM_BROM_ADDR + SROM_BROM_SIZE)
                0x0000000000000c00                SROM_SPINOR_SIZE = 0xc00
                0x0000000000003200                SROM_TWI_ADDR = (SROM_SPINOR_ADDR + SROM_SPINOR_SIZE)
                0x0000000000000700                SROM_TWI_SIZE = 0x700
                0x0000000000003900                SROM_STUB_ADDR = (SROM_TWI_ADDR + SROM_TWI_SIZE)
                0x0000000000000700                SROM_STUB_SIZE = 0x700
                0x0000000000000e00                SROM_SPINOR_SIZE_MDY = 0xe00
                0x0000000000003400                SROM_TWI_ADDR_MDY = (SROM_SPINOR_ADDR + SROM_SPINOR_SIZE_MDY)
                0x0000000000000700                SROM_TWI_SIZE_MDY = 0x700
                0x0000000000003b00                SROM_STUB_ADDR_MDY = (SROM_TWI_ADDR_MDY + SROM_TWI_SIZE_MDY)
                0x0000000000000500                SROM_STUB_SIZE_MDY = 0x500
                0x0000000000004000                SROM_KERNEL_ADDR = (SROM_STUB_ADDR + SROM_STUB_SIZE)
                0x0000000000004000                SROM_KERNEL_SIZE = 0x4000
                0x000000000000c000                SROM_FS_ADDR = 0xc000
                0x0000000000001c00                SROM_FS_SIZE = 0x1c00
                0x000000000000dc00                SROM_SPINOR1_ADDR = (SROM_FS_ADDR + SROM_FS_SIZE)
                0x0000000000000400                SROM_SPINOR1_SIZE = 0x400
                0x0000000000008000                SRAM_OS_RCODE_ADDR = 0x8000
                0x0000000000000c00                SRAM_OS_RCODE_SIZE = 0xc00
                0x0000000000008c00                SRAM_SPINOR_RCODE_ADDR = 0x8c00
                0x0000000000000400                SRAM_SPINOR_RCODE_SIZE = 0x400
                0x0000000000009000                SRAM_BANK_A_ADDR = 0x9000
                0x0000000000000400                SRAM_BANK_A_SIZE = 0x400
                0x0000000000009400                SRAM_BANK_B_ADDR = 0x9400
                0x0000000000000800                SRAM_BANK_B_SIZE = 0x800
                0x0000000000009c00                SRAM_UI_RCODE_ADDR = 0x9c00
                0x0000000000000300                SRAM_UI_RCODE_SIZE = 0x300
                0x0000000000009f00                SRAM_AUDIO_GLOBAL_DATA_ADDR = 0x9f00
                0x0000000000000060                SRAM_AUDIO_GLOBAL_DATA_SIZE = 0x60
                0x0000000000009f60                SRAM_UHOST_GLOBAL_DATA_ADDR = 0x9f60
                0x0000000000000010                SRAM_UHOST_GLOBAL_DATA_SIZE = 0x10
                0x0000000000009f70                SRAM_CARD_GLOBAL_DATA_ADDR = 0x9f70
                0x0000000000000010                SRAM_CARD_GLOBAL_DATA_SIZE = 0x10
                0x0000000000009f80                SRAM_SYS_SHARE_DATA_ADDR = 0x9f80
                0x0000000000000040                SRAM_SYS_SHARE_DATA_SIZE = 0x40
                0x0000000000009fc0                SRAM_RAM6_CCD_GLOBAL_DATA_ADDR = 0x9fc0
                0x0000000000000040                SRAM_RAM6_CCD_GLOBAL_DATA_SIZE = 0x40
                0x000000000000a000                SRAM_BT_LIB1_BANK_ADDR = 0xa000
                0x0000000000000800                SRAM_BT_LIB1_BANK_SIZE = 0x800
                0x000000000000a800                SRAM_BT_EXT1_BANK_ADDR = (SRAM_BT_LIB1_BANK_ADDR + SRAM_BT_LIB1_BANK_SIZE)
                0x0000000000000800                SRAM_BT_EXT1_BANK_SIZE = 0x800
                0x000000000000b000                SRAM_BT_EXT2_BANK_ADDR = (SRAM_BT_EXT1_BANK_ADDR + SRAM_BT_EXT1_BANK_SIZE)
                0x0000000000000800                SRAM_BT_EXT2_BANK_SIZE = 0x800
                0x000000000000f000                SRAM_BT_STACK_RCODE1_ADDR = 0xf000
                0x0000000000000a00                SRAM_BT_STACK_RCODE1_SIZE = 0xa00
                0x000000000000b000                SRAM_AP_BANK_MANAGER_ADDR = SRAM_BT_EXT2_BANK_ADDR
                0x0000000000000800                SRAM_AP_BANK_MANAGER_SIZE = SRAM_BT_EXT2_BANK_SIZE
                0x000000000000be00                SRAM_KEY_MESSAGE_DATA_ADDR = 0xbe00
                0x0000000000000100                SRAM_KEY_MESSAGE_DATA_SIZE = 0x100
                0x000000000000bf00                SRAM_UI_DATA_ADDR = 0xbf00
                0x0000000000000100                SRAM_UI_DATA_SIZE = 0x100
                0x0000000000010000                SRAM_BT_CONTROLLER_RCODE_ADDR = 0x10000
                0x0000000000000500                SRAM_BT_CONTROLLER_RCODE_SIZE = 0x500
                0x0000000000010500                SRAM_COMMON_BT_MANAGER_RCODE = (SRAM_BT_CONTROLLER_RCODE_ADDR + SRAM_BT_CONTROLLER_RCODE_SIZE)
                0x0000000000000b00                SRAM_COMMON_BT_MANAGER_SIZE = 0xb00
                0x0000000000011000                SRAM_BT_BACK_RCODE_ADDR = (SRAM_COMMON_BT_MANAGER_RCODE + SRAM_COMMON_BT_MANAGER_SIZE)
                0x0000000000002a00                SRAM_BT_BACK_RCODE_SIZE = 0x2a00
                0x00000000000140d0                SRAM_IRQ_PRINT_BUFFER_ADDR = 0x140d0
                0x0000000000000130                SRAM_IRQ_PRINT_BUFFER_SIZE = 0x130
                0x0000000000013a00                SRAM_BT_LIB2_BANK_ADDR = 0x13a00
                0x0000000000000d00                SRAM_BT_LIB2_BANK_SIZE = 0xd00
                0x0000000000013a00                SRAM_BT_EXT3_BANK_ADDR = SRAM_BT_LIB2_BANK_ADDR
                0x0000000000000d00                SRAM_BT_EXT3_BANK_SIZE = SRAM_BT_LIB2_BANK_SIZE
                0x0000000000021e00                SRAM_BT_EXT4_BANK_ADDR = 0x21e00
                0x0000000000000600                SRAM_BT_EXT4_BANK_SIZE = 0x600
                0x0000000000014700                SRAM_BT_EXT5_BANK_ADDR = 0x14700
                0x0000000000000600                SRAM_BT_EXT5_BANK_SIZE = 0x600
                0x000000000000fa00                SRAM_COM_DAE_RCODE_ADDR = 0xfa00
                0x0000000000000100                SRAM_COM_DAE_RCODE_SIZE = 0x100
                0x000000000000fb00                SRAM_BTCALL_EXT_RCODE_ADDR = 0xfb00
                0x0000000000000100                SRAM_BTCALL_EXT_RCODE_SIZE = 0x100
                0x000000000001d900                SRAM_AP_FRONT_RCODE_ADDR = 0x1d900
                0x0000000000000800                SRAM_AP_FRONT_RCODE_SIZE = 0x800
                0x0000000000016c00                SRAM_FS_RCODE_ADDR = 0x16c00
                0x0000000000000800                SRAM_FS_RCODE_SIZE = 0x800
                0x0000000000017400                SRAM_CARD_UD_RCODE_ADDR = 0x17400
                0x0000000000000c00                SRAM_CARD_UD_RCODE_SIZE = 0xc00
                0x0000000000017400                SRAM_UHOST_UD_RCODE_ADDR = SRAM_CARD_UD_RCODE_ADDR
                0x0000000000000c00                SRAM_UHOST_UD_RCODE_SIZE = SRAM_CARD_UD_RCODE_SIZE
                0x0000000000016c00                SRAM_USOUND_RCODE_ADDR = 0x16c00
                0x0000000000002800                SRAM_USOUND_RCODE_SIZE = 0x2800
                0x0000000000016c00                SRAM_BTSTACK_AVDTP_DATA_ADDR = 0x16c00
                0x0000000000002980                SRAM_BTSTACK_AVDTP_DATA_SIZE = 0x2980
                0x0000000000016c00                SRAM_BTCALL_CALLRING_BUF_ADDR = 0x16c00
                0x0000000000001000                SRAM_BTCALL_CALLRING_BUF_SIZE = 0x1000
                0x0000000000016c00                SRAM_BTCALL_ASQT_BUF_ADDR = 0x16c00
                0x0000000000002800                SRAM_BTCALL_ASQT_BUF_SIZE = 0x2800
                0x0000000000018000                SRAM_FS_DATA_ADDR = 0x18000
                0x0000000000000300                SRAM_FS_DATA_SIZE = 0x300
                0x0000000000018300                SRAM_FS_BUF_ADDR = 0x18300
                0x0000000000000a00                SRAM_FS_BUF_SIZE = 0xa00
                0x0000000000018d00                SRAM_CARD_UD_CACHE_ADDR = 0x18d00
                0x0000000000000800                SRAM_CARD_UD_CACHE_SIZE = 0x800
                0x0000000000018d00                SRAM_UHOST_UD_CACHE_ADDR = SRAM_CARD_UD_CACHE_ADDR
                0x0000000000000800                SRAM_UHOST_UD_CACHE_SIZE = SRAM_CARD_UD_CACHE_SIZE
                0x0000000000019500                SRAM_CARD_DATA_ADDR = 0x19500
                0x0000000000000080                SRAM_CARD_DATA_SIZE = 0x80
                0x0000000000019500                SRAM_UHOST_DATA_ADDR = SRAM_CARD_DATA_ADDR
                0x0000000000000080                SRAM_UHOST_DATA_SIZE = SRAM_CARD_DATA_SIZE
                0x0000000000019580                SRAM_AP_BACK_DATA_ADDR = 0x19580
                0x0000000000000400                SRAM_AP_BACK_DATA_SIZE = 0x400
                0x0000000000019980                SRAM_AP_FRONT_DATA_ADDR = 0x19980
                0x0000000000000700                SRAM_AP_FRONT_DATA_SIZE = 0x700
                0x000000000001a080                SRAM_APPLIB_GLOBAL_DATA_ADDR = 0x1a080
                0x0000000000000040                SRAM_APPLIB_GLOBAL_DATA_SIZE = 0x40
                0x000000000001a0c0                SRAM_APPLIB_DATA_ADDR = 0x1a0c0
                0x0000000000000200                SRAM_APPLIB_DATA_SIZE = 0x200
                0x000000000001a2c0                SRAM_BTMANAGER_DATA_ADDR = 0x1a2c0
                0x0000000000000140                SRAM_BTMANAGER_DATA_SIZE = 0x140
                0x000000000001a400                SRAM_OS_DATA_ADDR = 0x1a400
                0x0000000000000880                SRAM_OS_DATA_SIZE = 0x880
                0x000000000001ac80                SRAM_OS_HEAP_ADDR = 0x1ac80
                0x0000000000000680                SRAM_OS_HEAP_SIZE = 0x680
                0x000000000001b300                SRAM_AP_MANAGER_RCODE_ADDR = 0x1b300
                0x0000000000000100                SRAM_AP_MANAGER_RCODE_SIZE = 0x100
                0x000000000001b400                SRAM_OS_SD_SWAP_BUF_ADDR = 0x1b400
                0x0000000000000200                SRAM_OS_SD_SWAP_BUF_SIZE = 0x200
                0x000000000001b600                SRAM_OS_TASK_STACK_ADDR = 0x1b600
                0x0000000000001e00                SRAM_OS_TASK_STACK_SIZE = 0x1e00
                0x000000000001d500                SRAM_BANK_C_ADDR = 0x1d500
                0x0000000000000400                SRAM_BANK_C_SIZE = 0x400
                0x000000000001e100                SRAM_BT_HCI_BUF_ADDR = 0x1e100
                0x0000000000000ff0                SRAM_BT_HCI_BUF_SIZE = 0xff0
                0x0000000000016400                SRAM_BT_UART_BUF_ADDR = 0x16400
                0x0000000000000800                SRAM_BT_UART_BUF_SIZE = 0x800
                0x000000000001f0f0                SRAM_BT_RCODE_DATA_ADDR = 0x1f0f0
                0x0000000000000710                SRAM_BT_RCODE_DATA_SIZE = 0x710
                0x000000000001f800                SRAM_KEY_MESSAGE_RCODE_ADDR = 0x1f800
                0x0000000000000800                SRAM_KEY_MESSAGE_RCODE_SIZE = 0x800
                0x0000000000020000                SRAM_DSP_IRQ_TABLE_ADDR = 0x20000
                0x0000000000000120                SRAM_DSP_IRQ_TABLE_SIZE = 0x120
                0x0000000000020120                SRAM_RAM2_RESEVER_ADDR = 0x20120
                0x00000000000000e0                SRAM_RAM2_RESEVER_SIZE = 0xe0
                0x0000000000020200                SRAM_AP_BANK_FRONT_CONTROL_ADDR = 0x20200
                0x0000000000000800                SRAM_AP_BANK_FRONT_CONTROL_SIZE = 0x800
                0x0000000000020a00                SRAM_KERNEL_XSYS_ADDR = 0x20a00
                0x0000000000000e00                SRAM_KERNEL_XSYS_SIZE = 0xe00
                0x0000000000021800                SRAM_AP_BACK_BASAL_RCODE_ADDR = 0x21800
                0x0000000000000600                SRAM_AP_BACK_BASAL_RCODE_SIZE = 0x600
                0x0000000000021e00                SRAM_AP_BANK_BACK_BASAL_ADDR = 0x21e00
                0x0000000000000600                SRAM_AP_BANK_BACK_BASAL_SIZE = 0x600
                0x0000000000022400                SRAM_BT_HEAD_ADDR = 0x22400
                0x0000000000003400                SRAM_BT_HEAD_SIZE = 0x3400
                0x0000000000025000                SRAM_UART_STUB_RCODE_ADDR = 0x25000
                0x0000000000000800                SRAM_UART_STUB_RCODE_SIZE = 0x800
                0x0000000000027e00                SRAM_AP_FRONT_BASAL_RCODE_ADDR = 0x27e00
                0x0000000000000400                SRAM_AP_FRONT_BASAL_RCODE_SIZE = 0x400
                0x000000000000b000                SRAM_AP_BANK_FRONT_BASAL_ADDR = 0xb000
                0x0000000000000800                SRAM_AP_BANK_FRONT_BASAL_SIZE = 0x800
                0x0000000000025800                SRAM_AP_BANK_FRONT_UI_ADDR = 0x25800
                0x0000000000000800                SRAM_AP_BANK_FRONT_UI_SIZE = 0x800
                0x0000000000026000                SRAM_AP_RCP_COMMAND_BUFFER_ADDR = 0x26000
                0x0000000000000220                SRAM_AP_RCP_COMMAND_BUFFER_SIZE = 0x220
                0x0000000000026000                SRAM_AP_BACK_RCODE_ADDR = 0x26000
                0x0000000000000800                SRAM_AP_BACK_RCODE_SIZE = 0x800
                0x0000000000026800                SRAM_AP_BANK_BACK_CONTROL_ADDR = 0x26800
                0x0000000000000800                SRAM_AP_BANK_BACK_CONTROL_SIZE = 0x800
                0x0000000000027000                SRAM_RAM2_RESEVER2_ADDR = 0x27000
                0x0000000000000e00                SRAM_RAM2_RESEVER2_SIZE = 0xe00
                0x0000000000027e00                SRAM_BTPLAY_MMM_RCODE2_ADDR = 0x27e00
                0x0000000000000e00                SRAM_BTPLAY_MMM_RCODE2_SIZE = 0xe00
                0x0000000000028c00                SRAM_BTPLAY_SWAP_BUFFER_ADDR = 0x28c00
                0x0000000000000400                SRAM_BTPLAY_SWAP_BUFFER_SIZE = 0x400
                0x0000000000028200                SRAM_AP_BACK_CODEC_RCODE_ADDR = 0x28200
                0x0000000000000a00                SRAM_AP_BACK_CODEC_RCODE_SIZE = 0xa00
                0x0000000000028c00                SRAM_AP_BANK_BACK_CODEC_ADDR = 0x28c00
                0x0000000000000400                SRAM_AP_BANK_BACK_CODEC_SIZE = 0x400
                0x0000000000029000                SRAM_AP_BACK_AL_RCODE_1_ADDR = 0x29000
                0x0000000000007000                SRAM_AP_BACK_AL_RCODE_1_SIZE = 0x7000
                0x000000000002e000                SRAM_AP_BANK_BACK_AL_4_ADDR = 0x2e000
                0x0000000000002000                SRAM_AP_BANK_BACK_AL_4_SIZE = 0x2000
                0x0000000000030000                SRAM_AP_BANK_BACK_AL_1_ADDR = 0x30000
                0x0000000000004000                SRAM_AP_BANK_BACK_AL_1_SIZE = 0x4000
                0x0000000000034000                SRAM_AP_BACK_AL_RCODE_2_ADDR = 0x34000
                0x0000000000002000                SRAM_AP_BACK_AL_RCODE_2_SIZE = 0x2000
                0x0000000000036000                SRAM_AP_BANK_BACK_AL_2_ADDR = 0x36000
                0x0000000000002000                SRAM_AP_BANK_BACK_AL_2_SIZE = 0x2000
                0x0000000000038000                SRAM_AP_BANK_BACK_AL_3_ADDR = 0x38000
                0x0000000000004000                SRAM_AP_BANK_BACK_AL_3_SIZE = 0x4000
                0x000000000000e000                SRAM_ASRC_BUF_0_ADDR = 0xe000
                0x0000000000000e00                SRAM_ASRC_BUF_0_SIZE = 0xe00
                0x000000000000f000                SRAM_ASRC_BUF_1_ADDR = 0xf000
                0x0000000000000c00                SRAM_ASRC_BUF_1_SIZE = 0xc00
                0x000000000000fc00                SRAM_CARD_BUF_0_ADDR = 0xfc00
                0x0000000000000200                SRAM_CARD_BUF_0_SIZE = 0x200
                0x000000000000fe00                SRAM_CARD_BUF_1_ADDR = 0xfe00
                0x0000000000000200                SRAM_CARD_BUF_1_SIZE = 0x200
                0x000000000000fc00                SRAM_CARD_FIFO_ADDR = SRAM_CARD_BUF_0_ADDR
                0x0000000000000400                SRAM_CARD_FIFO_SIZE = (SRAM_CARD_BUF_0_SIZE + SRAM_CARD_BUF_1_SIZE)
                0x000000000003c000                SRAM_PCMRAM_0_ADDR = 0x3c000
                0x0000000000001000                SRAM_PCMRAM_0_SIZE = 0x1000
                0x000000000003d000                SRAM_PCMRAM_1_ADDR = 0x3d000
                0x0000000000001000                SRAM_PCMRAM_1_SIZE = 0x1000
                0x000000000003e000                SRAM_PCMRAM_2_ADDR = 0x3e000
                0x0000000000001000                SRAM_PCMRAM_2_SIZE = 0x1000
                0x000000000003c000                SRAM_PCMRAM_H5_FIFO_ADDR = SRAM_PCMRAM_0_ADDR
                0x0000000000001000                SRAM_PCMRAM_H5_FIFO_SIZE = SRAM_PCMRAM_0_SIZE
                0x000000000003d000                SRAM_PCMRAM_PCMFIFO_ADDR = SRAM_PCMRAM_1_ADDR
                0x0000000000002000                SRAM_PCMRAM_FIFO_SIZE = (SRAM_PCMRAM_1_SIZE + SRAM_PCMRAM_2_SIZE)
                0x000000000003f000                SRAM_URAM_0_ADDR = 0x3f000
                0x0000000000000800                SRAM_URAM_0_SIZE = 0x800
                0x000000000003f800                SRAM_URAM_1_ADDR = 0x3f800
                0x0000000000000800                SRAM_URAM_1_SIZE = 0x800
                0x000000000003f000                SRAM_URAM_UDISK_FIFO_ADDR = SRAM_URAM_0_ADDR
                0x0000000000001000                SRAM_URAM_UDISK_FIFO_SIZE = (SRAM_URAM_0_SIZE + SRAM_URAM_1_SIZE)
                0x000000000003f800                SRAM_URAM_UHOST_FIFO_ADDR = SRAM_URAM_1_ADDR
                0x0000000000000800                SRAM_URAM_UHOST_FIFO_SIZE = SRAM_URAM_1_SIZE
                0x0000000000026800                SRAM_AP_BANK_FRONT_ENHANCED_1_ADDR = SRAM_AP_BANK_BACK_CONTROL_ADDR
                0x0000000000000800                SRAM_AP_BANK_FRONT_ENHANCED_1_SIZE = 0x800
                0x0000000000000000                SRAM_AP_BANK_FRONT_ENHANCED_2_ADDR = 0x0
                0x0000000000000000                SRAM_AP_BANK_FRONT_ENHANCED_2_SIZE = 0x0
                0x0000000000021e00                SRAM_AP_BANK_BACK_ENHANCED_1_ADDR = SRAM_AP_BANK_BACK_BASAL_ADDR
                0x0000000000000600                SRAM_AP_BANK_BACK_ENHANCED_1_SIZE = SRAM_AP_BANK_BACK_BASAL_SIZE
                0x0000000000028a00                SRAM_AP_BANK_BACK_ENHANCED_2_ADDR = 0x28a00
                0x0000000000000600                SRAM_AP_BANK_BACK_ENHANCED_2_SIZE = 0x600
                0x0000000000000000                SRAM_AP_BANK_FRONT_CODEC_ADDR = 0x0
                0x0000000000000000                SRAM_AP_BANK_FRONT_CODEC_SIZE = 0x0
                0x000000000003b800                SRAM_TTS_DRV_RCODE_ADDR = 0x3b800
                0x0000000000000800                SRAM_TTS_DRV_RCODE_SIZE = 0x800
                0x0000000000019580                SRAM_FM_ENG_RDATA_ADDR = SRAM_AP_BACK_DATA_ADDR
                0x0000000000000200                SRAM_FM_ENG_RDATA_SIZE = 0x200
                0x0000000000016c00                SRAM_FM_DRV_RCODE_ADDR = SRAM_FS_RCODE_ADDR
                0x0000000000000800                SRAM_FM_DRV_RCODE_SIZE = 0x800
                0x0000000000019780                SRAM_FM_DRV_RDATA_ADDR = (SRAM_FM_ENG_RDATA_ADDR + SRAM_FM_ENG_RDATA_SIZE)
                0x0000000000000200                SRAM_FM_DRV_RDATA_SIZE = (SRAM_AP_BACK_DATA_SIZE - SRAM_FM_ENG_RDATA_SIZE)
                0x0000000000021800                SRAM_AP_USB_DEVICE_RCODE_ADDR = 0x21800
                0x0000000000004000                SRAM_AP_USB_DEVICE_RCODE_SIZE = SRAM_AP_BANK_BACK_AL_1_SIZE
                0x0000000000040000                SRAM_INVALID_RCODE_ADDR = 0x40000
                0x000000000001d900                SRAM_TEXT_ADDR = SRAM_AP_FRONT_RCODE_ADDR
                0x0000000000019980                SRAM_DATA_ADDR = SRAM_AP_FRONT_DATA_ADDR
                0x00000000bfc1d900                RCODE_TEXT_ADDR = (RCODE_ADDR_BASE + SRAM_TEXT_ADDR)
                0x00000000bfc10500                RCODE_TEXT1_ADDR = (RCODE_ADDR_BASE + SRAM_COMMON_BT_MANAGER_RCODE)
                0x000000009fc19980                RDATA_DATA_ADDR = (RDATA_ADDR_BASE + SRAM_DATA_ADDR)
                0x00000000bfc0fa00                RCODE_TEXT2_ADDR = (RCODE_ADDR_BASE + SRAM_COM_DAE_RCODE_ADDR)
                0x0000000000000100                RCODE_TEXT2_SIZE = SRAM_COM_DAE_RCODE_SIZE
                0x000000009fc1a080                APPLIB_GLOBAL_DATA_ADDR = (RDATA_ADDR_BASE + SRAM_APPLIB_GLOBAL_DATA_ADDR)
                0x000000009fc1a0c0                APPLIB_DATA_ADDR = (RDATA_ADDR_BASE + SRAM_APPLIB_DATA_ADDR)
                0x000000009fc26000                RCP_COMMAND_BUFFER_ADDR = (RDATA_ADDR_BASE + SRAM_AP_RCP_COMMAND_BUFFER_ADDR)
                0x000000009fc1a2c0                BSMANAGER_DATA_ADDR = (RDATA_ADDR_BASE + SRAM_BTMANAGER_DATA_ADDR)
                0x0000000000000040                APPLIB_GLOBAL_DATA_SIZE = SRAM_APPLIB_GLOBAL_DATA_SIZE
                0x0000000000000200                APPLIB_DATA_SIZE = SRAM_APPLIB_DATA_SIZE
                0x0000000000000140                BTMANAGER_DATA_SIZE = SRAM_BTMANAGER_DATA_SIZE
                0x0000000040020200                BANK_CONTROL_1_ADDR_BASE = ((AP_BANK_FRONT_CONTROL_1 << 0x18) + SRAM_AP_BANK_FRONT_CONTROL_ADDR)
                0x0000000048025800                BANK_UI_1_ADDR_BASE = ((AP_BANK_FRONT_UI_1 << 0x18) + SRAM_AP_BANK_FRONT_UI_ADDR)
                0x0000000000000800                BANK_CONTROL_SIZE = SRAM_AP_BANK_FRONT_CONTROL_SIZE
                0x0000000000000800                BANK_UI_SIZE = SRAM_AP_BANK_FRONT_UI_SIZE
                0x0000000000040000                AP_BANK_SPACE = BANK_SPACE

.text1          0x00000000bfc10500      0x9cc
 bt_common_manager_deal.o(.rcode)
 .rcode         0x00000000bfc10500      0x584 ./../../lib/bt_common_manager_deal.o
                0x00000000bfc1092d                com_btmanager_loop
                0x00000000bfc108f1                com_btmanager_sniff_handle
                0x00000000bfc1053d                check_a2dp_status
                0x00000000bfc10731                com_btmanager_hfp_handle
                0x00000000bfc107d5                com_btmanager_battery_handle
                0x00000000bfc10879                check_sniff_status
                0x00000000bfc105a1                com_btmanager_discoverable_handle
                0x00000000bfc1061d                com_btmanager_mod_change
                0x00000000bfc10659                com_btmanager_a2dp_handle
                0x00000000bfc10501                get_bt_stack_info
 common_rcp_dispatch.o(.rcode)
 .rcode         0x00000000bfc10a84       0xdc ./../../lib/common_rcp_dispatch.o
                0x00000000bfc10a85                com_rcp_dispatch
 common_aset_main_deal.o(.rcode)
 .rcode         0x00000000bfc10b60       0x30 ./../../lib/common_aset_main_deal.o
                0x00000000bfc10b61                aset_test_loop_deal
 common_rcp_dispatch_block.o(.rcode)
 .rcode         0x00000000bfc10b90       0xc0 ./../../lib/common_rcp_dispatch_block.o
                0x00000000bfc10b91                com_check_valid_rcp
                0x00000000bfc10bcd                com_rcp_cmd_dispatch
 common_rcp_dispatch_misc.o(.rcode)
 .rcode         0x00000000bfc10c50       0x1c ./../../lib/common_rcp_dispatch_misc.o
                0x00000000bfc10c51                com_rcp_cmd_dispatch_before_hook
                0x00000000bfc10c69                com_rcp_cmd_dispatch_after_hook
 common_rcp_func.o(.rcode)
 .rcode         0x00000000bfc10c6c       0x20 ./../../lib/common_rcp_func.o
                0x00000000bfc10c6d                com_get_com_info
                0x00000000bfc10c71                com_get_global_rcp_info
 bt_common_sppble.o(.rcode)
 .rcode         0x00000000bfc10c8c       0xac ./../../lib/bt_common_sppble.o
                0x00000000bfc10c8d                com_btmanager_sppble_read
 message_bank_send_btmanager.o(.text .rodata .xdata)
 .text          0x00000000bfc10d38       0xb4 ./../../lib/message_bank_send_btmanager.o
                0x00000000bfc10d39                send_sync_msg_btmanager
 common_setdae.o(.rcode)
 .rcode         0x00000000bfc10dec       0x70 ./../../lib/common_setdae.o
                0x00000000bfc10ded                com_detect_energy_realtime
 common_discrete_led.o(.text.led_twinkle)
 .text.led_twinkle
                0x00000000bfc10e5c       0x70 ./../../lib/common_discrete_led.o
                0x00000000bfc10e5d                discrete_led_twinkle
OUTPUT(upgrade.exe elf32-tradlittlemips)
                0x000000009fc1a080                . = APPLIB_GLOBAL_DATA_ADDR

APPLIB_GLOBAL_DATA
                0x000000009fc1a080       0x40
 applib_globe_data.o(.applib_globe_data.g_app_info_vector)
 .applib_globe_data.g_app_info_vector
                0x000000009fc1a080       0x10 ./../../lib/applib_globe_data.o
                0x000000009fc1a080                g_app_info_vector
                0x000000009fc1a090                . = 0x10
 applib_globe_data.o(.applib_globe_data.config_fp)
 .applib_globe_data.config_fp
                0x000000009fc1a090        0x4 ./../../lib/applib_globe_data.o
                0x000000009fc1a090                config_fp
                0x000000009fc1a094                . = 0x14
 applib_globe_data.o(.applib_globe_data.g_app_info_state_all)
 .applib_globe_data.g_app_info_state_all
                0x000000009fc1a094       0x24 ./../../lib/applib_globe_data.o
                0x000000009fc1a0b4                g_neednot_tts_play_timeout1
                0x000000009fc1a094                g_app_info_state_all
                0x000000009fc1a0b0                g_customer_state
                0x0000000000000040                . = APPLIB_GLOBAL_DATA_SIZE
 *fill*         0x000000009fc1a0b8        0x8 00
 *fill*         0x000000009fc1a0c0        0x0 00
                0x000000009fc1a0c0                . = APPLIB_DATA_ADDR

APPLIB_DATA     0x000000009fc1a0c0      0x200
 applib_globe_data_com.o(.g_app_info_state)
 .g_app_info_state
                0x000000009fc1a0c0       0x18 ./../../lib/applib_globe_data_com.o
                0x000000009fc1a0c0                g_app_info_state
 applib_globe_data_com.o(.gl_rcp_buffer)
 .gl_rcp_buffer
                0x000000009fc1a0d8        0x8 ./../../lib/applib_globe_data_com.o
                0x000000009fc1a0dc                g_rcp_default_long_buffer
                0x000000009fc1a0d8                g_com_app_timer_vct
 applib_globe_data_com.o(.gl_com_data)
 .gl_com_data   0x000000009fc1a0e0       0x68 ./../../lib/applib_globe_data_com.o
                0x000000009fc1a119                g_led_timmer
                0x000000009fc1a11c                g_OTA_var
                0x000000009fc1a0e0                g_sys_counter
                0x000000009fc1a110                g_discrete_led_info
                0x000000009fc1a0f0                g_buffer_gui_msg
                0x000000009fc1a0f8                g_buffer_app_msg
                0x000000009fc1a120                g_ap_switch_var
                0x000000009fc1a118                g_discrete_led_a23_available
                0x000000009fc1a140                g_config_var
                0x000000009fc1a10c                g_rcp_ctrl_quit_flag
                0x000000009fc1a146                g_esd_cardreader_flag
                0x000000009fc1a108                g_app_last_state
 message_key_deal.o(.gl_key_data)
 .gl_key_data   0x000000009fc1a148       0x2c ./../../lib/message_key_deal.o
                0x000000009fc1a148                g_key_infor
                0x000000009fc1a170                g_key_hold
 common_tts.o(.gl_tts_data)
 .gl_tts_data   0x000000009fc1a174       0x40 ./../../lib/common_tts.o
                0x000000009fc1a174                g_tts_play_info
 common_keytone_play.o(.gl_kt_data)
 .gl_kt_data    0x000000009fc1a1b4        0xc ./../../lib/common_keytone_play.o
                0x000000009fc1a1b4                g_keytone_infor
 common_rcp_dispatch.o(.gl_rcp_data)
 .gl_rcp_data   0x000000009fc1a1c0       0x64 ./../../lib/common_rcp_dispatch.o
                0x000000009fc1a1c1                g_dialog_overtime_flag
                0x000000009fc1a220                g_rcp_long_buffer_flag
                0x000000009fc1a1c3                g_dialog_choosed
                0x000000009fc1a222                g_rcp_pkg_max_len
                0x000000009fc1a1d0                g_app_get_global_info
                0x000000009fc1a1c8                g_rcp_service_type
                0x000000009fc1a1c6                g_dialog_desc_id
                0x000000009fc1a1c9                g_rcp_remote_number
                0x000000009fc1a21c                g_rcp_long_length
                0x000000009fc1a212                g_rcp_cmd_id
                0x000000009fc1a1c4                g_dialog_type
                0x000000009fc1a1d4                g_app_ext_serv_cb
                0x000000009fc1a1c0                g_dialog_state
                0x000000009fc1a1c2                g_dialog_overtime
                0x000000009fc1a218                g_rcp_long_buffer
                0x000000009fc1a21e                g_rcp_long_index
                0x000000009fc1a213                g_rcp_next_seq
                0x000000009fc1a214                g_rcp_seg_flag
                0x000000009fc1a210                g_rcp_cmd_flags
                0x000000009fc1a1c5                g_dialog_button_type
                0x000000009fc1a1c7                g_dialog_active_default
                0x000000009fc1a1cc                g_app_rcp_cmd_cb_tbl
 common_aset_main_deal.o(.gl_stub_data)
 .gl_stub_data  0x000000009fc1a224       0x14 ./../../lib/common_aset_main_deal.o
                0x000000009fc1a225                g_aset_sync_volume
                0x000000009fc1a224                g_aset_run_state
                0x000000009fc1a230                g_p_dae_cfg
                0x000000009fc1a228                g_aset_equivalent_gain
                0x000000009fc1a234                g_aset_base_timer
                0x000000009fc1a226                g_aset_neednot_take_effect
                0x000000009fc1a22c                g_aset_rw_buffer
                0x000000009fc1a229                g_aset_main_switch_flag
                0x000000009fc1a227                g_aset_main_gain_value
                0x0000000000000200                . = APPLIB_DATA_SIZE
 *fill*         0x000000009fc1a238       0x88 00
 *fill*         0x000000009fc1a2c0        0x0 00
                0x000000009fc26000                . = RCP_COMMAND_BUFFER_ADDR

RCP_COMMAND_BUFFER
 common_rcp_dispatch.o(.bss.rcp_default_buffer)
                0x000000009fc1a2c0                . = BSMANAGER_DATA_ADDR

BSMANAGER_DATA  0x000000009fc1a2c0      0x140
 bt_common_manager.o(.bt_auto_connect)
 .bt_auto_connect
                0x000000009fc1a2c0       0x3c ./../../lib/bt_common_manager.o
                0x000000009fc1a2c8                g_bt_auto_connect_ctrl
                0x000000009fc1a2c0                g_bt_auto_connect_addr
 bt_common_manager.o(.bt_globe_data)
 .bt_globe_data
                0x000000009fc1a2fc       0x68 ./../../lib/bt_common_manager.o
                0x000000009fc1a35d                g_tws_m_switchap_flag
                0x000000009fc1a360                check_id2
                0x000000009fc1a338                g_p_rcp_in_data_ctl
                0x000000009fc1a35f                check_id1
                0x000000009fc1a35e                send_once_flag
                0x000000009fc1a361                once_auto_flag
                0x000000009fc1a358                g_fast_discoverable_timer
                0x000000009fc1a33c                g_btmanager_gl_var
                0x000000009fc1a35a                g_fast_discoverable_cnt
                0x000000009fc1a2fc                g_bt_stack_cur_info
[...]
 .debug_str     0x0000000000006d89      0x37b ./../../lib/common_rcp_func.o
                                       0x1cef (size before relaxing)
 .debug_str     0x0000000000007104       0xb4 ./../../lib/bt_common_sppble.o
                                        0xda2 (size before relaxing)
 .debug_str     0x00000000000071b8       0x79 ./../../lib/message_bank_send_btmanager.o
                                        0x596 (size before relaxing)
 .debug_str     0x0000000000007231      0x4f6 ./../../lib/common_setdae.o
                                       0x15f3 (size before relaxing)
 .debug_str     0x0000000000007727      0x274 ./../../lib/common_discrete_led.o
                                        0x6f6 (size before relaxing)
 .debug_str     0x000000000000799b       0x4b ./../../lib/applib_globe_data.o
                                        0x500 (size before relaxing)
 .debug_str     0x00000000000079e6      0x172 ./../../lib/applib_globe_data_com.o
                                       0x12d5 (size before relaxing)
 .debug_str     0x0000000000007b58      0x180 ./../../lib/message_key_deal.o
                                        0xa12 (size before relaxing)
 .debug_str     0x0000000000007cd8      0x28e ./../../lib/common_tts.o
                                       0x1d87 (size before relaxing)
 .debug_str     0x0000000000007f66      0x25b ./../../lib/common_keytone_play.o
                                       0x13bb (size before relaxing)
 .debug_str     0x00000000000081c1      0x522 ./../../lib/bt_common_manager.o
                                       0x259a (size before relaxing)
 .debug_str     0x00000000000086e3       0x85 ./../../lib/common_rcp_servs.o
                                        0xb98 (size before relaxing)
 .debug_str     0x0000000000008768       0xc4 ./../../lib/common_charge.o
                                       0x116b (size before relaxing)
 .debug_str     0x000000000000882c      0x1d3 ./../../lib/sys_counter.o
                                       0x19db (size before relaxing)
 .debug_str     0x00000000000089ff      0x162 ./../../lib/bt_common_autoconnect.o
                                       0x16f9 (size before relaxing)
 .debug_str     0x0000000000008b61       0xa0 ./../../lib/bt_common_event_dispatch.o
                                       0x2ef6 (size before relaxing)
 .debug_str     0x0000000000008c01       0xd3 ./../../lib/common_rcp_send.o
                                        0x5b5 (size before relaxing)
 .debug_str     0x0000000000008cd4       0x79 ./../../lib/app_engine_config.o
                                        0x524 (size before relaxing)
 .debug_str     0x0000000000008d4d       0x9b ./../../lib/app_manager_bank.o
                                        0x583 (size before relaxing)
 .debug_str     0x0000000000008de8       0x28 ./../../lib/message_bank_init.o
                                        0x809 (size before relaxing)
 .debug_str     0x0000000000008e10       0x67 ./../../lib/message_bank_send.o
                                        0x62a (size before relaxing)
 .debug_str     0x0000000000008e77       0x32 ./../../lib/message_bank_send_async.o
                                        0x601 (size before relaxing)
 .debug_str     0x0000000000008ea9       0x32 ./../../lib/message_bank_broadcast.o
                                        0x4cb (size before relaxing)
 .debug_str     0x0000000000008edb       0x38 ./../../lib/app_sleep.o
                                        0xda1 (size before relaxing)
 .debug_str     0x0000000000008f13       0x7c ./../../lib/common_setvolume.o
                                       0x36d1 (size before relaxing)
 .debug_str     0x0000000000008f8f      0x23c ./../../lib/common_sys_hook.o
                                       0x2cae (size before relaxing)
 .debug_str     0x00000000000091cb       0x68 ./../../lib/common_speaker_out_switch.o
                                        0x556 (size before relaxing)
 .debug_str     0x0000000000009233       0x37 ./../../lib/common_sound.o
                                        0x4cc (size before relaxing)
 .debug_str     0x000000000000926a      0x235 ./../../lib/common_phy_volume_deal.o
                                       0x131a (size before relaxing)
 .debug_str     0x000000000000949f       0x1a ./../../lib/common_phy_volume_table.o
                                        0x4be (size before relaxing)
 .debug_str     0x00000000000094b9       0x7b ./../../lib/common_tts_thread.o
                                       0x1266 (size before relaxing)
 .debug_str     0x0000000000009534      0x2b9 ./../../lib/common_ap_switch.o
                                       0x1484 (size before relaxing)
 .debug_str     0x00000000000097ed       0x5e ./../../lib/setting_comval.o
                                       0x1034 (size before relaxing)
 .debug_str     0x000000000000984b       0x7e ./../../lib/common_config.o
                                        0x53b (size before relaxing)
 .debug_str     0x00000000000098c9       0xa4 ./../../lib/common_rcp_dialog.o
                                        0xf3e (size before relaxing)
 .debug_str     0x000000000000996d       0xcf ./../../lib/common_share_data.o
                                        0x524 (size before relaxing)
 .debug_str     0x0000000000009a3c       0x3c ./../../lib/common_math_exp_fixed.o
                                        0x48c (size before relaxing)
 .debug_str     0x0000000000009a78       0x74 ./../../lib/common_key_hook.o
                                        0xa23 (size before relaxing)
 .debug_str     0x0000000000009aec      0x941 ./../../lib/common_aset_new_func.o
                                       0x1d5f (size before relaxing)
 .debug_str     0x000000000000a42d      0x227 ./../../lib/common_aset_sub_code.o
                                        0xf5c (size before relaxing)
 .debug_str     0x000000000000a654       0x16 ./../../lib/common_keytone_file.o
                                        0x467 (size before relaxing)
 .debug_str     0x000000000000a66a      0x285 ./../../lib/common_key_deal.o
                                       0x2506 (size before relaxing)
 .debug_str     0x000000000000a8ef       0x76 ./../../lib/common_speaker_control.o
                                        0x4c4 (size before relaxing)
 .debug_str     0x000000000000a965      0x13b ./../../lib/common_standby.o
                                       0x10bf (size before relaxing)
 .debug_str     0x000000000000aaa0       0xa2 ./../../lib/bt_common_manager_misc.o
                                       0x1267 (size before relaxing)
 .debug_str     0x000000000000ab42      0x11f ./../../lib/time_alarm_clock.o
                                       0x2c06 (size before relaxing)
 .debug_str     0x000000000000ac61      0x128 ./../../lib/time_alarm_rcp_deal.o
                                       0x186f (size before relaxing)
 .debug_str     0x000000000000ad89      0x20b ./../../lib/time_alarm_rcp_deal_ring.o
                                        0xd2c (size before relaxing)
 .debug_str     0x000000000000af94      0x156 ./../../lib/time_alarm_set_calendar.o
                                       0x2d83 (size before relaxing)
 .debug_str     0x000000000000b0ea       0xf3 ./../../lib/time_alarm_set_calendar_sub.o
                                        0xcfb (size before relaxing)
 .debug_str     0x000000000000b1dd      0x142 ./../../lib/time_alarm_set_alarm.o
                                       0x2ea6 (size before relaxing)
 .debug_str     0x000000000000b31f       0x65 ./../../lib/time_alarm_set_alarm_sub.o
                                        0xce8 (size before relaxing)
 .debug_str     0x000000000000b384       0xcc ./../../lib/time_alarm_alarm_ring.o
                                       0x1980 (size before relaxing)
 .debug_str     0x000000000000b450      0x17c ./../../lib/time_alarm_alarm_record.o
                                       0x124d (size before relaxing)
 .debug_str     0x000000000000b5cc       0x85 ./../../lib/common_view_key_event.o
                                       0x2cd9 (size before relaxing)
 .debug_str     0x000000000000b651      0x39f ./../../lib/common_sys_deal.o
                                       0x3f02 (size before relaxing)
 .debug_str     0x000000000000b9f0       0x46 ./../../lib/common_view_sys_event.o
                                       0x27c2 (size before relaxing)
 .debug_str     0x000000000000ba36      0x228 ./../../lib/bt_common_avrcp.o
                                       0x14ef (size before relaxing)
 .debug_str     0x000000000000bc5e      0x41f ./../../lib/bt_common_hfp.o
                                       0x163f (size before relaxing)
 .debug_str     0x000000000000c07d      0x1a5 ./../../lib/bt_common_gen_addr.o
                                        0x666 (size before relaxing)
 .debug_str     0x000000000000c222      0x1be ./../../lib/app_timer_bank.o
                                        0x6f8 (size before relaxing)
 .debug_str     0x000000000000c3e0       0x2a ./../../lib/sys_timer.o
                                        0x4b5 (size before relaxing)
 .debug_str     0x000000000000c40a       0x3c ./../../lib/app_timer_bank_single.o
                                        0x5c4 (size before relaxing)
 .debug_str     0x000000000000c446      0x296 ./../../lib/common_stub_switch.o
                                        0xee6 (size before relaxing)
 .debug_str     0x000000000000c6dc       0x78 ./../../lib/common_seteq.o
                                       0x374b (size before relaxing)
 .debug_str     0x000000000000c754      0x2f8 ./../../lib/common_setdae_init.o
                                       0x1423 (size before relaxing)
 .debug_str     0x000000000000ca4c      0x20e ./../../lib/Ota_rcp_s_cmd_deal.o
                                        0xe94 (size before relaxing)
 .debug_str     0x000000000000cc5a       0xb4 ./../../lib/Ota_rcp_q_cmd_deal.o
                                       0x101e (size before relaxing)
 .debug_str     0x000000000000cd0e       0x58 ./../../lib/Ota_rcp_reboot_cmd.o
                                        0xcdd (size before relaxing)
 .debug_str     0x000000000000cd66       0xbb ./../../lib/common_volume.o
                                       0x1439 (size before relaxing)
 .debug_str     0x000000000000ce21      0x135 ./../../lib/pair_headphone_led.o
                                        0x92b (size before relaxing)
 .debug_str     0x000000000000cf56      0x134 ./../../lib/common_power_config.o
                                        0x28f (size before relaxing)

.comment        0x0000000000000000     0x1122
 .comment       0x0000000000000000       0x2b ./../../lib/app_timer_rcode.o
 .comment       0x000000000000002b       0x2b ./../../lib/message_rcode.o
 .comment       0x0000000000000056       0x2b ./../../lib/message_key_rcode.o
 .comment       0x0000000000000081       0x2b ./../../lib/common_view_loop.o
 .comment       0x00000000000000ac       0x2b ./../../lib/common_view_manager.o
 .comment       0x00000000000000d7       0x2b ./obj/ap_upgrade_main.o
 .comment       0x0000000000000102       0x2b ./obj/ap_upgrade_voice.o
 .comment       0x000000000000012d       0x2b ./../../lib/applib_app_data.o
 .comment       0x0000000000000158       0x2b ./../../lib/common_func_data.o
 .comment       0x0000000000000183       0x2b ./obj/ap_upgrade_rcode.o
 .comment       0x00000000000001ae       0x2b ./../../ap/ap_upgrade/fw_decrypt/ABC_13.o
 .comment       0x00000000000001d9       0x2b ./../../ap/ap_upgrade/fw_decrypt/ABC_39.o
 .comment       0x0000000000000204       0x2b ./obj/ap_upgrade_bank.o
 .comment       0x000000000000022f       0x2b ./../../ap/ap_upgrade/fw_decrypt/init.o
 .comment       0x000000000000025a       0x2b ./../../ap/ap_upgrade/fw_decrypt/ABC_03.o
 .comment       0x0000000000000285       0x2b ./../../ap/ap_upgrade/fw_decrypt/ABC_05.o
 .comment       0x00000000000002b0       0x2b ./../../ap/ap_upgrade/fw_decrypt/ABC_06.o
 .comment       0x00000000000002db       0x2b ./../../ap/ap_upgrade/fw_decrypt/ABC_08.o
 .comment       0x0000000000000306       0x2b ./../../ap/ap_upgrade/fw_decrypt/ABC_23.o
 .comment       0x0000000000000331       0x2b ./../../ap/ap_upgrade/fw_decrypt/ABC_29.o
 .comment       0x000000000000035c       0x2b ./../../ap/ap_upgrade/fw_decrypt/ABC_33.o
 .comment       0x0000000000000387       0x2b ./../../ap/ap_upgrade/fw_decrypt/ABC_N2.o
 .comment       0x00000000000003b2       0x2b ./../../../psp_rel/lib/ctor.o
 .comment       0x00000000000003dd       0x2b ./obj/decrypt.o
 .comment       0x0000000000000408       0x2b ./obj/ap_upgrade_fw_check.o
 .comment       0x0000000000000433       0x2b ./../../lib/bt_common_manager_deal.o
 .comment       0x000000000000045e       0x2b ./../../lib/common_rcp_dispatch.o
 .comment       0x0000000000000489       0x2b ./../../lib/common_aset_main_deal.o
 .comment       0x00000000000004b4       0x2b ./../../lib/common_rcp_dispatch_block.o
 .comment       0x00000000000004df       0x2b ./../../lib/common_rcp_dispatch_misc.o
 .comment       0x000000000000050a       0x2b ./../../lib/common_rcp_func.o
 .comment       0x0000000000000535       0x2b ./../../lib/bt_common_sppble.o
 .comment       0x0000000000000560       0x2b ./../../lib/message_bank_send_btmanager.o
 .comment       0x000000000000058b       0x2b ./../../lib/common_setdae.o
 .comment       0x00000000000005b6       0x2b ./../../lib/common_discrete_led.o
 .comment       0x00000000000005e1       0x2b ./../../lib/applib_globe_data.o
 .comment       0x000000000000060c       0x2b ./../../lib/applib_globe_data_com.o
 .comment       0x0000000000000637       0x2b ./../../lib/message_key_deal.o
 .comment       0x0000000000000662       0x2b ./../../lib/common_tts.o
 .comment       0x000000000000068d       0x2b ./../../lib/common_keytone_play.o
 .comment       0x00000000000006b8       0x2b ./../../lib/bt_common_manager.o
 .comment       0x00000000000006e3       0x2b ./../../lib/common_rcp_servs.o
 .comment       0x000000000000070e       0x2b ./../../lib/common_charge.o
 .comment       0x0000000000000739       0x2b ./../../lib/sys_counter.o
 .comment       0x0000000000000764       0x2b ./../../lib/bt_common_autoconnect.o
 .comment       0x000000000000078f       0x2b ./../../lib/bt_common_event_dispatch.o
 .comment       0x00000000000007ba       0x2b ./../../lib/common_rcp_send.o
 .comment       0x00000000000007e5       0x2b ./../../lib/app_engine_config.o
 .comment       0x0000000000000810       0x2b ./../../lib/app_manager_bank.o
 .comment       0x000000000000083b       0x2b ./../../lib/message_bank_init.o
 .comment       0x0000000000000866       0x2b ./../../lib/message_bank_send.o
 .comment       0x0000000000000891       0x2b ./../../lib/message_bank_send_async.o
 .comment       0x00000000000008bc       0x2b ./../../lib/message_bank_broadcast.o
 .comment       0x00000000000008e7       0x2b ./../../lib/app_sleep.o
 .comment       0x0000000000000912       0x2b ./../../lib/common_setvolume.o
 .comment       0x000000000000093d       0x2b ./../../lib/common_sys_hook.o
 .comment       0x0000000000000968       0x2b ./../../lib/common_speaker_out_switch.o
 .comment       0x0000000000000993       0x2b ./../../lib/common_sound.o
 .comment       0x00000000000009be       0x2b ./../../lib/common_phy_volume_deal.o
 .comment       0x00000000000009e9       0x2b ./../../lib/common_phy_volume_table.o
 .comment       0x0000000000000a14       0x2b ./../../lib/common_tts_thread.o
 .comment       0x0000000000000a3f       0x2b ./../../lib/common_ap_switch.o
 .comment       0x0000000000000a6a       0x2b ./../../lib/setting_comval.o
 .comment       0x0000000000000a95       0x2b ./../../lib/common_config.o
 .comment       0x0000000000000ac0       0x2b ./../../lib/common_rcp_dialog.o
 .comment       0x0000000000000aeb       0x2b ./../../lib/common_share_data.o
 .comment       0x0000000000000b16       0x2b ./../../lib/common_math_exp_fixed.o
 .comment       0x0000000000000b41       0x2b ./../../lib/common_key_hook.o
 .comment       0x0000000000000b6c       0x2b ./../../lib/common_aset_new_func.o
 .comment       0x0000000000000b97       0x2b ./../../lib/common_aset_sub_code.o
 .comment       0x0000000000000bc2       0x2b ./../../lib/common_keytone_file.o
 .comment       0x0000000000000bed       0x2b ./../../lib/common_key_deal.o
 .comment       0x0000000000000c18       0x2b ./../../lib/common_speaker_control.o
 .comment       0x0000000000000c43       0x2b ./../../lib/common_standby.o
 .comment       0x0000000000000c6e       0x2b ./../../lib/bt_common_manager_misc.o
 .comment       0x0000000000000c99       0x2b ./../../lib/time_alarm_clock.o
 .comment       0x0000000000000cc4       0x2b ./../../lib/time_alarm_rcp_deal.o
 .comment       0x0000000000000cef       0x2b ./../../lib/time_alarm_rcp_deal_ring.o
 .comment       0x0000000000000d1a       0x2b ./../../lib/time_alarm_set_calendar.o
 .comment       0x0000000000000d45       0x2b ./../../lib/time_alarm_set_calendar_sub.o
 .comment       0x0000000000000d70       0x2b ./../../lib/time_alarm_set_alarm.o
 .comment       0x0000000000000d9b       0x2b ./../../lib/time_alarm_set_alarm_sub.o
 .comment       0x0000000000000dc6       0x2b ./../../lib/time_alarm_alarm_ring.o
 .comment       0x0000000000000df1       0x2b ./../../lib/time_alarm_alarm_record.o
 .comment       0x0000000000000e1c       0x2b ./../../lib/common_view_key_event.o
 .comment       0x0000000000000e47       0x2b ./../../lib/common_sys_deal.o
 .comment       0x0000000000000e72       0x2b ./../../lib/common_view_sys_event.o
 .comment       0x0000000000000e9d       0x2b ./../../lib/bt_common_avrcp.o
 .comment       0x0000000000000ec8       0x2b ./../../lib/bt_common_hfp.o
 .comment       0x0000000000000ef3       0x2b ./../../lib/bt_common_gen_addr.o
 .comment       0x0000000000000f1e       0x2b ./../../lib/app_timer_bank.o
 .comment       0x0000000000000f49       0x2b ./../../lib/sys_timer.o
 .comment       0x0000000000000f74       0x2b ./../../lib/app_timer_bank_single.o
 .comment       0x0000000000000f9f       0x2b ./../../lib/common_stub_switch.o
 .comment       0x0000000000000fca       0x2b ./../../lib/common_seteq.o
 .comment       0x0000000000000ff5       0x2b ./../../lib/common_setdae_init.o
 .comment       0x0000000000001020       0x2b ./../../lib/Ota_rcp_s_cmd_deal.o
 .comment       0x000000000000104b       0x2b ./../../lib/Ota_rcp_q_cmd_deal.o
 .comment       0x0000000000001076       0x2b ./../../lib/Ota_rcp_reboot_cmd.o
 .comment       0x00000000000010a1       0x2b ./../../lib/common_volume.o
 .comment       0x00000000000010cc       0x2b ./../../lib/pair_headphone_led.o
 .comment       0x00000000000010f7       0x2b ./../../lib/common_power_config.o

.debug_ranges   0x0000000000000000      0x2e8
 .debug_ranges  0x0000000000000000       0x18 ./obj/ap_upgrade_main.o
 .debug_ranges  0x0000000000000018       0x38 ./obj/ap_upgrade_bank.o
 .debug_ranges  0x0000000000000050       0x20 ./../../lib/bt_common_manager_deal.o
 .debug_ranges  0x0000000000000070       0x18 ./../../lib/common_aset_main_deal.o
 .debug_ranges  0x0000000000000088       0x30 ./../../lib/common_setdae.o
 .debug_ranges  0x00000000000000b8       0x18 ./../../lib/bt_common_manager.o
 .debug_ranges  0x00000000000000d0       0x18 ./../../lib/app_manager_bank.o
 .debug_ranges  0x00000000000000e8       0x50 ./../../lib/common_phy_volume_deal.o
 .debug_ranges  0x0000000000000138       0x48 ./../../lib/common_ap_switch.o
 .debug_ranges  0x0000000000000180       0x38 ./../../lib/common_aset_new_func.o
 .debug_ranges  0x00000000000001b8       0x18 ./../../lib/time_alarm_alarm_ring.o
 .debug_ranges  0x00000000000001d0       0x30 ./../../lib/bt_common_gen_addr.o
 .debug_ranges  0x0000000000000200       0x18 ./../../lib/app_timer_bank.o
 .debug_ranges  0x0000000000000218       0x70 ./../../lib/common_setdae_init.o
 .debug_ranges  0x0000000000000288       0x60 ./../../lib/common_power_config.o
