
File: common_rcp.a(common_rcp_dialog.o)
ELF Header:
  Magic:   7f 45 4c 46 01 01 01 00 00 00 00 00 00 00 00 00 
  Class:                             ELF32
  Data:                              2's complement, little endian
  Version:                           1 (current)
  OS/ABI:                            UNIX - System V
  ABI Version:                       0
  Type:                              REL (Relocatable file)
  Machine:                           MIPS R3000
  Version:                           0x1
  Entry point address:               0x0
  Start of program headers:          0 (bytes into file)
  Start of section headers:          8292 (bytes into file)
  Flags:                             0x50001001, noreorder, o32, mips32
  Size of this header:               52 (bytes)
  Size of program headers:           0 (bytes)
  Number of program headers:         0
  Size of section headers:           40 (bytes)
  Number of section headers:         26
  Section header string table index: 23

Section Headers:
  [Nr] Name              Type            Addr     Off    Size   ES Flg Lk Inf Al
  [ 0]                   NULL            00000000 000000 000000 00      0   0  0
  [ 1] .text             PROGBITS        00000000 000034 000180 00  AX  0   0  4
  [ 2] .rel.text         REL             00000000 0028c8 000098 08     24   1  4
  [ 3] .data             PROGBITS        00000000 0001b4 000000 00  WA  0   0  1
  [ 4] .bss              NOBITS          00000000 0001b4 000000 00  WA  0   0  1
  [ 5] .reginfo          MIPS_REGINFO    00000000 0001b4 000018 18      0   0  4
  [ 6] .pdr              PROGBITS        00000000 0001cc 000060 00      0   0  4
  [ 7] .rel.pdr          REL             00000000 002960 000018 08     24   6  4
  [ 8] .mdebug.abi32     PROGBITS        00000000 00022c 000000 00      0   0  1
  [ 9] .debug_abbrev     MIPS_DWARF      00000000 00022c 00019f 00      0   0  1
  [10] .debug_info       MIPS_DWARF      00000000 0003cb 000a0c 00      0   0  1
  [11] .rel.debug_info   REL             00000000 002978 0007f8 08     24  10  4
  [12] .debug_line       MIPS_DWARF      00000000 000dd7 00014f 00      0   0  1
  [13] .rel.debug_line   REL             00000000 003170 000008 08     24  12  4
  [14] .rodata           PROGBITS        00000000 000f28 00002c 00   A  0   0  4
  [15] .debug_frame      MIPS_DWARF      00000000 000f54 000054 00      0   0  4
  [16] .rel.debug_frame  REL             00000000 003178 000030 08     24  15  4
  [17] .debug_pubnames   MIPS_DWARF      00000000 000fa8 00006a 00      0   0  1
  [18] .rel.debug_pubnam REL             00000000 0031a8 000008 08     24  17  4
  [19] .debug_aranges    MIPS_DWARF      00000000 001012 000020 00      0   0  1
  [20] .rel.debug_arange REL             00000000 0031b0 000010 08     24  19  4
  [21] .debug_str        MIPS_DWARF      00000000 001032 000f35 01  MS  0   0  1
  [22] .comment          PROGBITS        00000000 001f67 00002b 00      0   0  1
  [23] .shstrtab         STRTAB          00000000 001f92 0000d2 00      0   0  1
  [24] .symtab           SYMTAB          00000000 002474 0002c0 10     25  24  4
  [25] .strtab           STRTAB          00000000 002734 000193 00      0   0  1
Key to Flags:
  W (write), A (alloc), X (execute), M (merge), S (strings)
  I (info), L (link order), G (group), x (unknown)
  O (extra OS processing required) o (OS specific), p (processor specific)

File: common_rcp.a(common_rcp_dispatch.o)
ELF Header:
  Magic:   7f 45 4c 46 01 01 01 00 00 00 00 00 00 00 00 00 
  Class:                             ELF32
  Data:                              2's complement, little endian
  Version:                           1 (current)
  OS/ABI:                            UNIX - System V
  ABI Version:                       0
  Type:                              REL (Relocatable file)
  Machine:                           MIPS R3000
  Version:                           0x1
  Entry point address:               0x0
  Start of program headers:          0 (bytes into file)
  Start of section headers:          12880 (bytes into file)
  Flags:                             0x50001001, noreorder, o32, mips32
  Size of this header:               52 (bytes)
  Size of program headers:           0 (bytes)
  Number of program headers:         0
  Size of section headers:           40 (bytes)
  Number of section headers:         30
  Section header string table index: 27

Section Headers:
  [Nr] Name              Type            Addr     Off    Size   ES Flg Lk Inf Al
  [ 0]                   NULL            00000000 000000 000000 00      0   0  0
  [ 1] .text             PROGBITS        00000000 000034 000400 00  AX  0   0  4
  [ 2] .rel.text         REL             00000000 003e5c 000080 08     28   1  4
  [ 3] .data             PROGBITS        00000000 000434 000000 00  WA  0   0  1
  [ 4] .bss              NOBITS          00000000 000434 000000 00  WA  0   0  1
  [ 5] .reginfo          MIPS_REGINFO    00000000 000434 000018 18      0   0  4
  [ 6] .pdr              PROGBITS        00000000 00044c 0000a0 00      0   0  4
  [ 7] .rel.pdr          REL             00000000 003edc 000028 08     28   6  4
  [ 8] .mdebug.abi32     PROGBITS        00000000 0004ec 000000 00      0   0  1
  [ 9] .debug_abbrev     MIPS_DWARF      00000000 0004ec 000215 00      0   0  1
  [10] .debug_info       MIPS_DWARF      00000000 000701 000fa0 00      0   0  1
  [11] .rel.debug_info   REL             00000000 003f04 000ab8 08     28  10  4
  [12] .debug_line       MIPS_DWARF      00000000 0016a1 000266 00      0   0  1
  [13] .rel.debug_line   REL             00000000 0049bc 000018 08     28  12  4
  [14] .rcode            PROGBITS        00000000 001908 0000dc 00  AX  0   0  4
  [15] .rel.rcode        REL             00000000 0049d4 000050 08     28  14  4
  [16] .bank.check_for_t PROGBITS        00000000 0019e4 000110 00  AX  0   0  4
  [17] .rel.bank.check_f REL             00000000 004a24 000028 08     28  16  4
  [18] .gl_rcp_data      PROGBITS        00000000 001af4 000064 00  WA  0   0  4
  [19] .debug_frame      MIPS_DWARF      00000000 001b58 0000ac 00      0   0  4
  [20] .rel.debug_frame  REL             00000000 004a4c 000050 08     28  19  4
  [21] .debug_pubnames   MIPS_DWARF      00000000 001c04 00027c 00      0   0  1
  [22] .rel.debug_pubnam REL             00000000 004a9c 000008 08     28  21  4
  [23] .debug_aranges    MIPS_DWARF      00000000 001e80 000030 00      0   0  1
  [24] .rel.debug_arange REL             00000000 004aa4 000020 08     28  23  4
  [25] .debug_str        MIPS_DWARF      00000000 001eb0 00127a 01  MS  0   0  1
  [26] .comment          PROGBITS        00000000 00312a 00002b 00      0   0  1
  [27] .shstrtab         STRTAB          00000000 003155 0000fa 00      0   0  1
  [28] .symtab           SYMTAB          00000000 003700 000430 10     29  29  4
  [29] .strtab           STRTAB          00000000 003b30 000329 00      0   0  1
Key to Flags:
  W (write), A (alloc), X (execute), M (merge), S (strings)
  I (info), L (link order), G (group), x (unknown)
  O (extra OS processing required) o (OS specific), p (processor specific)

File: common_rcp.a(common_rcp_dispatch_misc.o)
ELF Header:
  Magic:   7f 45 4c 46 01 01 01 00 00 00 00 00 00 00 00 00 
  Class:                             ELF32
  Data:                              2's complement, little endian
  Version:                           1 (current)
  OS/ABI:                            UNIX - System V
  ABI Version:                       0
  Type:                              REL (Relocatable file)
  Machine:                           MIPS R3000
  Version:                           0x1
  Entry point address:               0x0
  Start of program headers:          0 (bytes into file)
  Start of section headers:          17268 (bytes into file)
  Flags:                             0x50001001, noreorder, o32, mips32
  Size of this header:               52 (bytes)
  Size of program headers:           0 (bytes)
  Number of program headers:         0
  Size of section headers:           40 (bytes)
  Number of section headers:         29
  Section header string table index: 26

Section Headers:
  [Nr] Name              Type            Addr     Off    Size   ES Flg Lk Inf Al
  [ 0]                   NULL            00000000 000000 000000 00      0   0  0
  [ 1] .text             PROGBITS        00000000 000034 000070 00  AX  0   0  4
  [ 2] .rel.text         REL             00000000 004f48 000028 08     27   1  4
  [ 3] .data             PROGBITS        00000000 0000a4 000000 00  WA  0   0  1
  [ 4] .bss              NOBITS          00000000 0000a4 000000 00  WA  0   0  1
  [ 5] .reginfo          MIPS_REGINFO    00000000 0000a4 000018 18      0   0  4
  [ 6] .pdr              PROGBITS        00000000 0000bc 000080 00      0   0  4
  [ 7] .rel.pdr          REL             00000000 004f70 000020 08     27   6  4
  [ 8] .mdebug.abi32     PROGBITS        00000000 00013c 000000 00      0   0  1
  [ 9] .debug_abbrev     MIPS_DWARF      00000000 00013c 0001a3 00      0   0  1
  [10] .debug_info       MIPS_DWARF      00000000 0002df 00112d 00      0   0  1
  [11] .rel.debug_info   REL             00000000 004f90 000f88 08     27  10  4
  [12] .debug_line       MIPS_DWARF      00000000 00140c 000156 00      0   0  1
  [13] .rel.debug_line   REL             00000000 005f18 000010 08     27  12  4
  [14] .rodata           PROGBITS        00000000 001564 000104 00   A  0   0  4
  [15] .rel.rodata       REL             00000000 005f28 0000d0 08     27  14  4
  [16] .rcode            PROGBITS        00000000 001668 00001c 00  AX  0   0  4
  [17] .rel.rcode        REL             00000000 005ff8 000010 08     27  16  4
  [18] .debug_frame      MIPS_DWARF      00000000 001684 000060 00      0   0  4
  [19] .rel.debug_frame  REL             00000000 006008 000040 08     27  18  4
  [20] .debug_pubnames   MIPS_DWARF      00000000 0016e4 0000bb 00      0   0  1
  [21] .rel.debug_pubnam REL             00000000 006048 000008 08     27  20  4
  [22] .debug_aranges    MIPS_DWARF      00000000 00179f 000030 00      0   0  1
  [23] .rel.debug_arange REL             00000000 006050 000020 08     27  22  4
  [24] .debug_str        MIPS_DWARF      00000000 0017cf 002a98 01  MS  0   0  1
  [25] .comment          PROGBITS        00000000 004267 00002b 00      0   0  1
  [26] .shstrtab         STRTAB          00000000 004292 0000e1 00      0   0  1
  [27] .symtab           SYMTAB          00000000 0047fc 0003d0 10     28  24  4
  [28] .strtab           STRTAB          00000000 004bcc 00037a 00      0   0  1
Key to Flags:
  W (write), A (alloc), X (execute), M (merge), S (strings)
  I (info), L (link order), G (group), x (unknown)
  O (extra OS processing required) o (OS specific), p (processor specific)

File: common_rcp.a(common_rcp_func.o)
ELF Header:
  Magic:   7f 45 4c 46 01 01 01 00 00 00 00 00 00 00 00 00 
  Class:                             ELF32
  Data:                              2's complement, little endian
  Version:                           1 (current)
  OS/ABI:                            UNIX - System V
  ABI Version:                       0
  Type:                              REL (Relocatable file)
  Machine:                           MIPS R3000
  Version:                           0x1
  Entry point address:               0x0
  Start of program headers:          0 (bytes into file)
  Start of section headers:          18356 (bytes into file)
  Flags:                             0x50001001, noreorder, o32, mips32
  Size of this header:               52 (bytes)
  Size of program headers:           0 (bytes)
  Number of program headers:         0
  Size of section headers:           40 (bytes)
  Number of section headers:         29
  Section header string table index: 26

Section Headers:
  [Nr] Name              Type            Addr     Off    Size   ES Flg Lk Inf Al
  [ 0]                   NULL            00000000 000000 000000 00      0   0  0
  [ 1] .text             PROGBITS        00000000 000034 000144 00  AX  0   0  4
  [ 2] .rel.text         REL             00000000 005688 000078 08     27   1  4
  [ 3] .data             PROGBITS        00000000 000178 000008 00  WA  0   0  4
  [ 4] .bss              NOBITS          00000000 000180 000000 00  WA  0   0  1
  [ 5] .reginfo          MIPS_REGINFO    00000000 000180 000018 18      0   0  4
  [ 6] .pdr              PROGBITS        00000000 000198 0001c0 00      0   0  4
  [ 7] .rel.pdr          REL             00000000 005700 000070 08     27   6  4
  [ 8] .mdebug.abi32     PROGBITS        00000000 000358 000000 00      0   0  1
  [ 9] .debug_abbrev     MIPS_DWARF      00000000 000358 0002d9 00      0   0  1
  [10] .debug_info       MIPS_DWARF      00000000 000631 001c95 00      0   0  1
  [11] .rel.debug_info   REL             00000000 005770 001130 08     27  10  4
  [12] .debug_line       MIPS_DWARF      00000000 0022c6 000214 00      0   0  1
  [13] .rel.debug_line   REL             00000000 0068a0 000018 08     27  12  4
  [14] .bank_2           PROGBITS        00000000 0024dc 000198 00  AX  0   0  4
  [15] .rel.bank_2       REL             00000000 0068b8 0000c0 08     27  14  4
  [16] .rcode            PROGBITS        00000000 002674 000020 00  AX  0   0  4
  [17] .rel.rcode        REL             00000000 006978 000008 08     27  16  4
  [18] .debug_frame      MIPS_DWARF      00000000 002694 000144 00      0   0  4
  [19] .rel.debug_frame  REL             00000000 006980 0000e0 08     27  18  4
  [20] .debug_pubnames   MIPS_DWARF      00000000 0027d8 000179 00      0   0  1
  [21] .rel.debug_pubnam REL             00000000 006a60 000008 08     27  20  4
  [22] .debug_aranges    MIPS_DWARF      00000000 002951 000070 00      0   0  1
  [23] .rel.debug_arange REL             00000000 006a68 000060 08     27  22  4
  [24] .debug_str        MIPS_DWARF      00000000 0029c1 001ce6 01  MS  0   0  1
  [25] .comment          PROGBITS        00000000 0046a7 00002b 00      0   0  1
  [26] .shstrtab         STRTAB          00000000 0046d2 0000e1 00      0   0  1
  [27] .symtab           SYMTAB          00000000 004c3c 000610 10     28  52  4
  [28] .strtab           STRTAB          00000000 00524c 00043c 00      0   0  1
Key to Flags:
  W (write), A (alloc), X (execute), M (merge), S (strings)
  I (info), L (link order), G (group), x (unknown)
  O (extra OS processing required) o (OS specific), p (processor specific)

File: common_rcp.a(common_rcp_servs.o)
ELF Header:
  Magic:   7f 45 4c 46 01 01 01 00 00 00 00 00 00 00 00 00 
  Class:                             ELF32
  Data:                              2's complement, little endian
  Version:                           1 (current)
  OS/ABI:                            UNIX - System V
  ABI Version:                       0
  Type:                              REL (Relocatable file)
  Machine:                           MIPS R3000
  Version:                           0x1
  Entry point address:               0x0
  Start of program headers:          0 (bytes into file)
  Start of section headers:          6840 (bytes into file)
  Flags:                             0x50001001, noreorder, o32, mips32
  Size of this header:               52 (bytes)
  Size of program headers:           0 (bytes)
  Number of program headers:         0
  Size of section headers:           40 (bytes)
  Number of section headers:         25
  Section header string table index: 22

Section Headers:
  [Nr] Name              Type            Addr     Off    Size   ES Flg Lk Inf Al
  [ 0]                   NULL            00000000 000000 000000 00      0   0  0
  [ 1] .text             PROGBITS        00000000 000034 00014c 00  AX  0   0  4
  [ 2] .rel.text         REL             00000000 002190 000060 08     23   1  4
  [ 3] .data             PROGBITS        00000000 000180 000000 00  WA  0   0  1
  [ 4] .bss              NOBITS          00000000 000180 000010 00  WA  0   0  4
  [ 5] .reginfo          MIPS_REGINFO    00000000 000180 000018 18      0   0  4
  [ 6] .pdr              PROGBITS        00000000 000198 0000c0 00      0   0  4
  [ 7] .rel.pdr          REL             00000000 0021f0 000030 08     23   6  4
  [ 8] .mdebug.abi32     PROGBITS        00000000 000258 000000 00      0   0  1
  [ 9] .debug_abbrev     MIPS_DWARF      00000000 000258 00016d 00      0   0  1
  [10] .debug_info       MIPS_DWARF      00000000 0003c5 0007e7 00      0   0  1
  [11] .rel.debug_info   REL             00000000 002220 000600 08     23  10  4
  [12] .debug_line       MIPS_DWARF      00000000 000bac 00010e 00      0   0  1
  [13] .rel.debug_line   REL             00000000 002820 000008 08     23  12  4
  [14] .debug_frame      MIPS_DWARF      00000000 000cbc 0000ac 00      0   0  4
  [15] .rel.debug_frame  REL             00000000 002828 000060 08     23  14  4
  [16] .debug_pubnames   MIPS_DWARF      00000000 000d68 0000aa 00      0   0  1
  [17] .rel.debug_pubnam REL             00000000 002888 000008 08     23  16  4
  [18] .debug_aranges    MIPS_DWARF      00000000 000e12 000020 00      0   0  1
  [19] .rel.debug_arange REL             00000000 002890 000010 08     23  18  4
  [20] .debug_str        MIPS_DWARF      00000000 000e32 000b8f 01  MS  0   0  1
  [21] .comment          PROGBITS        00000000 0019c1 00002b 00      0   0  1
  [22] .shstrtab         STRTAB          00000000 0019ec 0000ca 00      0   0  1
  [23] .symtab           SYMTAB          00000000 001ea0 000200 10     24  22  4
  [24] .strtab           STRTAB          00000000 0020a0 0000f0 00      0   0  1
Key to Flags:
  W (write), A (alloc), X (execute), M (merge), S (strings)
  I (info), L (link order), G (group), x (unknown)
  O (extra OS processing required) o (OS specific), p (processor specific)

File: common_rcp.a(common_rcp_dispatch_block.o)
ELF Header:
  Magic:   7f 45 4c 46 01 01 01 00 00 00 00 00 00 00 00 00 
  Class:                             ELF32
  Data:                              2's complement, little endian
  Version:                           1 (current)
  OS/ABI:                            UNIX - System V
  ABI Version:                       0
  Type:                              REL (Relocatable file)
  Machine:                           MIPS R3000
  Version:                           0x1
  Entry point address:               0x0
  Start of program headers:          0 (bytes into file)
  Start of section headers:          17264 (bytes into file)
  Flags:                             0x50001001, noreorder, o32, mips32
  Size of this header:               52 (bytes)
  Size of program headers:           0 (bytes)
  Number of program headers:         0
  Size of section headers:           40 (bytes)
  Number of section headers:         27
  Section header string table index: 24

Section Headers:
  [Nr] Name              Type            Addr     Off    Size   ES Flg Lk Inf Al
  [ 0]                   NULL            00000000 000000 000000 00      0   0  0
  [ 1] .text             PROGBITS        00000000 000034 000134 00  AX  0   0  4
  [ 2] .rel.text         REL             00000000 004cd8 000050 08     25   1  4
  [ 3] .data             PROGBITS        00000000 000168 000000 00  WA  0   0  1
  [ 4] .bss              NOBITS          00000000 000168 000000 00  WA  0   0  1
  [ 5] .reginfo          MIPS_REGINFO    00000000 000168 000018 18      0   0  4
  [ 6] .pdr              PROGBITS        00000000 000180 000080 00      0   0  4
  [ 7] .rel.pdr          REL             00000000 004d28 000020 08     25   6  4
  [ 8] .mdebug.abi32     PROGBITS        00000000 000200 000000 00      0   0  1
  [ 9] .debug_abbrev     MIPS_DWARF      00000000 000200 000184 00      0   0  1
  [10] .debug_info       MIPS_DWARF      00000000 000384 00118b 00      0   0  1
  [11] .rel.debug_info   REL             00000000 004d48 000fa8 08     25  10  4
  [12] .debug_line       MIPS_DWARF      00000000 00150f 0001ac 00      0   0  1
  [13] .rel.debug_line   REL             00000000 005cf0 000010 08     25  12  4
  [14] .rcode            PROGBITS        00000000 0016bc 0000c0 00  AX  0   0  4
  [15] .rel.rcode        REL             00000000 005d00 000050 08     25  14  4
  [16] .debug_frame      MIPS_DWARF      00000000 00177c 000088 00      0   0  4
  [17] .rel.debug_frame  REL             00000000 005d50 000040 08     25  16  4
  [18] .debug_pubnames   MIPS_DWARF      00000000 001804 000084 00      0   0  1
  [19] .rel.debug_pubnam REL             00000000 005d90 000008 08     25  18  4
  [20] .debug_aranges    MIPS_DWARF      00000000 001888 000030 00      0   0  1
  [21] .rel.debug_arange REL             00000000 005d98 000020 08     25  20  4
  [22] .debug_str        MIPS_DWARF      00000000 0018b8 0029b6 01  MS  0   0  1
  [23] .comment          PROGBITS        00000000 00426e 00002b 00      0   0  1
  [24] .shstrtab         STRTAB          00000000 004299 0000d5 00      0   0  1
  [25] .symtab           SYMTAB          00000000 0047a8 000300 10     26  28  4
  [26] .strtab           STRTAB          00000000 004aa8 00022d 00      0   0  1
Key to Flags:
  W (write), A (alloc), X (execute), M (merge), S (strings)
  I (info), L (link order), G (group), x (unknown)
  O (extra OS processing required) o (OS specific), p (processor specific)

File: common_rcp.a(common_rcp_send.o)
ELF Header:
  Magic:   7f 45 4c 46 01 01 01 00 00 00 00 00 00 00 00 00 
  Class:                             ELF32
  Data:                              2's complement, little endian
  Version:                           1 (current)
  OS/ABI:                            UNIX - System V
  ABI Version:                       0
  Type:                              REL (Relocatable file)
  Machine:                           MIPS R3000
  Version:                           0x1
  Entry point address:               0x0
  Start of program headers:          0 (bytes into file)
  Start of section headers:          4588 (bytes into file)
  Flags:                             0x50001001, noreorder, o32, mips32
  Size of this header:               52 (bytes)
  Size of program headers:           0 (bytes)
  Number of program headers:         0
  Size of section headers:           40 (bytes)
  Number of section headers:         27
  Section header string table index: 24

Section Headers:
  [Nr] Name              Type            Addr     Off    Size   ES Flg Lk Inf Al
  [ 0]                   NULL            00000000 000000 000000 00      0   0  0
  [ 1] .text             PROGBITS        00000000 000034 000094 00  AX  0   0  4
  [ 2] .rel.text         REL             00000000 0018ec 000028 08     25   1  4
  [ 3] .data             PROGBITS        00000000 0000c8 000000 00  WA  0   0  1
  [ 4] .bss              NOBITS          00000000 0000c8 000000 00  WA  0   0  1
  [ 5] .reginfo          MIPS_REGINFO    00000000 0000c8 000018 18      0   0  4
  [ 6] .pdr              PROGBITS        00000000 0000e0 000080 00      0   0  4
  [ 7] .rel.pdr          REL             00000000 001914 000020 08     25   6  4
  [ 8] .mdebug.abi32     PROGBITS        00000000 000160 000000 00      0   0  1
  [ 9] .debug_abbrev     MIPS_DWARF      00000000 000160 000122 00      0   0  1
  [10] .debug_info       MIPS_DWARF      00000000 000282 0005e7 00      0   0  1
  [11] .rel.debug_info   REL             00000000 001934 000390 08     25  10  4
  [12] .debug_line       MIPS_DWARF      00000000 000869 000167 00      0   0  1
  [13] .rel.debug_line   REL             00000000 001cc4 000010 08     25  12  4
  [14] .rcode            PROGBITS        00000000 0009d0 000058 00  AX  0   0  4
  [15] .rel.rcode        REL             00000000 001cd4 000018 08     25  14  4
  [16] .debug_frame      MIPS_DWARF      00000000 000a28 00007c 00      0   0  4
  [17] .rel.debug_frame  REL             00000000 001cec 000040 08     25  16  4
  [18] .debug_pubnames   MIPS_DWARF      00000000 000aa4 000073 00      0   0  1
  [19] .rel.debug_pubnam REL             00000000 001d2c 000008 08     25  18  4
  [20] .debug_aranges    MIPS_DWARF      00000000 000b17 000028 00      0   0  1
  [21] .rel.debug_arange REL             00000000 001d34 000018 08     25  20  4
  [22] .debug_str        MIPS_DWARF      00000000 000b3f 0005ac 01  MS  0   0  1
  [23] .comment          PROGBITS        00000000 0010eb 00002b 00      0   0  1
  [24] .shstrtab         STRTAB          00000000 001116 0000d5 00      0   0  1
  [25] .symtab           SYMTAB          00000000 001624 0001d0 10     26  21  4
  [26] .strtab           STRTAB          00000000 0017f4 0000f7 00      0   0  1
Key to Flags:
  W (write), A (alloc), X (execute), M (merge), S (strings)
  I (info), L (link order), G (group), x (unknown)
  O (extra OS processing required) o (OS specific), p (processor specific)
